[0.008s] Invoking command in '/home/kk/Desktop/fishbot_ws/build/micro_ros_msgs': CMAKE_PREFIX_PATH=/opt/ros/humble /usr/bin/cmake /home/kk/Desktop/fishbot_ws/src/micro_ros_msgs -DCMAKE_INSTALL_PREFIX=/home/kk/Desktop/fishbot_ws/install/micro_ros_msgs
[0.055s] -- The C compiler identification is GNU 11.4.0
[0.102s] -- The CXX compiler identification is GNU 11.4.0
[0.109s] -- Detecting C compiler ABI info
[0.170s] -- Detecting C compiler ABI info - done
[0.176s] -- Check for working C compiler: /usr/bin/cc - skipped
[0.176s] -- Detecting C compile features
[0.177s] -- Detecting C compile features - done
[0.179s] -- Detecting CXX compiler ABI info
[0.253s] -- Detecting CXX compiler ABI info - done
[0.259s] -- Check for working CXX compiler: /usr/bin/c++ - skipped
[0.259s] -- Detecting CXX compile features
[0.259s] -- Detecting CXX compile features - done
[0.261s] -- Found ament_cmake: 1.3.14 (/opt/ros/humble/share/ament_cmake/cmake)
[0.387s] -- Found Python3: /usr/bin/python3 (found version "3.10.12") found components: Interpreter 
[0.455s] -- Found rosidl_default_generators: 1.2.1 (/opt/ros/humble/share/rosidl_default_generators/cmake)
[0.456s] -- Using all available rosidl_typesupport_c: rosidl_typesupport_fastrtps_c;rosidl_typesupport_introspection_c
[0.461s] -- Found rosidl_adapter: 3.1.8 (/opt/ros/humble/share/rosidl_adapter/cmake)
[0.490s] -- Using all available rosidl_typesupport_cpp: rosidl_typesupport_fastrtps_cpp;rosidl_typesupport_introspection_cpp
[0.516s] -- Found ament_lint_auto: 0.12.15 (/opt/ros/humble/share/ament_lint_auto/cmake)
[0.756s] -- Found ament_cmake_ros: 0.10.0 (/opt/ros/humble/share/ament_cmake_ros/cmake)
[0.921s] -- Using all available rosidl_typesupport_c: rosidl_typesupport_fastrtps_c;rosidl_typesupport_introspection_c
[1.111s] -- Using all available rosidl_typesupport_cpp: rosidl_typesupport_fastrtps_cpp;rosidl_typesupport_introspection_cpp
[1.130s] -- Found PythonInterp: /usr/bin/python3 (found suitable version "3.10.12", minimum required is "3.6") 
[1.131s] -- Found python_cmake_module: 0.10.0 (/opt/ros/humble/share/python_cmake_module/cmake)
[1.154s] -- Found PythonLibs: /usr/lib/x86_64-linux-gnu/libpython3.10.so (found suitable version "3.10.12", minimum required is "3.5") 
[1.154s] -- Using PYTHON_EXECUTABLE: /usr/bin/python3
[1.154s] -- Using PYTHON_INCLUDE_DIRS: /usr/include/python3.10
[1.154s] -- Using PYTHON_LIBRARIES: /usr/lib/x86_64-linux-gnu/libpython3.10.so
[1.172s] -- Found PythonExtra: .so  
[1.248s] -- Added test 'copyright' to check source files copyright and LICENSE
[1.256s] -- Added test 'lint_cmake' to check CMake code style
[1.260s] -- Added test 'xmllint' to check XML markup files
[1.266s] -- Configuring done
[1.295s] -- Generating done
[1.304s] -- Build files have been written to: /home/kk/Desktop/fishbot_ws/build/micro_ros_msgs
[1.312s] Invoked command in '/home/kk/Desktop/fishbot_ws/build/micro_ros_msgs' returned '0': CMAKE_PREFIX_PATH=/opt/ros/humble /usr/bin/cmake /home/kk/Desktop/fishbot_ws/src/micro_ros_msgs -DCMAKE_INSTALL_PREFIX=/home/kk/Desktop/fishbot_ws/install/micro_ros_msgs
[1.314s] Invoking command in '/home/kk/Desktop/fishbot_ws/build/micro_ros_msgs': CMAKE_PREFIX_PATH=/opt/ros/humble /usr/bin/cmake --build /home/kk/Desktop/fishbot_ws/build/micro_ros_msgs -- -j16 -l16
[1.351s] [  2%] [34m[1mGenerating C code for ROS interfaces[0m
[1.360s] [  6%] [34m[1mGenerating C++ code for ROS interfaces[0m
[1.360s] [  6%] [34m[1mGenerating Rust code for ROS interfaces[0m
[1.374s] [  6%] Built target ament_cmake_python_copy_micro_ros_msgs
[1.653s] running egg_info
[1.657s] creating micro_ros_msgs.egg-info
[1.657s] writing micro_ros_msgs.egg-info/PKG-INFO
[1.657s] writing dependency_links to micro_ros_msgs.egg-info/dependency_links.txt
[1.657s] writing top-level names to micro_ros_msgs.egg-info/top_level.txt
[1.657s] writing manifest file 'micro_ros_msgs.egg-info/SOURCES.txt'
[1.658s] reading manifest file 'micro_ros_msgs.egg-info/SOURCES.txt'
[1.661s] writing manifest file 'micro_ros_msgs.egg-info/SOURCES.txt'
[1.685s] [  6%] Built target micro_ros_msgs__rs
[1.706s] [  6%] Built target ament_cmake_python_build_micro_ros_msgs_egg
[1.766s] [  6%] Built target micro_ros_msgs__cpp
[1.777s] [  8%] [34m[1mGenerating C++ type support dispatch for ROS interfaces[0m
[1.777s] [ 10%] [34m[1mGenerating C++ introspection for ROS interfaces[0m
[1.777s] [ 12%] [34m[1mGenerating C++ type support for eProsima Fast-RTPS[0m
[1.788s] [ 18%] [32mBuilding C object CMakeFiles/micro_ros_msgs__rosidl_generator_c.dir/rosidl_generator_c/micro_ros_msgs/msg/detail/entity__functions.c.o[0m
[1.789s] [ 18%] [32mBuilding C object CMakeFiles/micro_ros_msgs__rosidl_generator_c.dir/rosidl_generator_c/micro_ros_msgs/msg/detail/graph__functions.c.o[0m
[1.789s] [ 18%] [32mBuilding C object CMakeFiles/micro_ros_msgs__rosidl_generator_c.dir/rosidl_generator_c/micro_ros_msgs/msg/detail/node__functions.c.o[0m
[1.845s] [ 20%] [32m[1mLinking C shared library libmicro_ros_msgs__rosidl_generator_c.so[0m
[1.886s] [ 20%] Built target micro_ros_msgs__rosidl_generator_c
[1.899s] [ 22%] [34m[1mGenerating C introspection for ROS interfaces[0m
[1.900s] [ 25%] [34m[1mGenerating C type support for eProsima Fast-RTPS[0m
[1.900s] [ 27%] [34m[1mGenerating C type support dispatch for ROS interfaces[0m
[2.104s] [ 33%] [32mBuilding CXX object CMakeFiles/micro_ros_msgs__rosidl_typesupport_cpp.dir/rosidl_typesupport_cpp/micro_ros_msgs/msg/entity__type_support.cpp.o[0m
[2.104s] [ 33%] [32mBuilding CXX object CMakeFiles/micro_ros_msgs__rosidl_typesupport_cpp.dir/rosidl_typesupport_cpp/micro_ros_msgs/msg/node__type_support.cpp.o[0m
[2.104s] [ 33%] [32mBuilding CXX object CMakeFiles/micro_ros_msgs__rosidl_typesupport_cpp.dir/rosidl_typesupport_cpp/micro_ros_msgs/msg/graph__type_support.cpp.o[0m
[2.151s] [ 35%] [32mBuilding CXX object CMakeFiles/micro_ros_msgs__rosidl_typesupport_introspection_cpp.dir/rosidl_typesupport_introspection_cpp/micro_ros_msgs/msg/detail/node__type_support.cpp.o[0m
[2.153s] [ 37%] [32mBuilding CXX object CMakeFiles/micro_ros_msgs__rosidl_typesupport_introspection_cpp.dir/rosidl_typesupport_introspection_cpp/micro_ros_msgs/msg/detail/entity__type_support.cpp.o[0m
[2.166s] [ 39%] [32mBuilding CXX object CMakeFiles/micro_ros_msgs__rosidl_typesupport_introspection_cpp.dir/rosidl_typesupport_introspection_cpp/micro_ros_msgs/msg/detail/graph__type_support.cpp.o[0m
[2.203s] [ 41%] [32mBuilding CXX object CMakeFiles/micro_ros_msgs__rosidl_typesupport_fastrtps_cpp.dir/rosidl_typesupport_fastrtps_cpp/micro_ros_msgs/msg/detail/dds_fastrtps/entity__type_support.cpp.o[0m
[2.203s] [ 43%] [32mBuilding CXX object CMakeFiles/micro_ros_msgs__rosidl_typesupport_fastrtps_cpp.dir/rosidl_typesupport_fastrtps_cpp/micro_ros_msgs/msg/detail/dds_fastrtps/node__type_support.cpp.o[0m
[2.220s] [ 45%] [32mBuilding CXX object CMakeFiles/micro_ros_msgs__rosidl_typesupport_fastrtps_cpp.dir/rosidl_typesupport_fastrtps_cpp/micro_ros_msgs/msg/detail/dds_fastrtps/graph__type_support.cpp.o[0m
[2.316s] [ 47%] [32mBuilding CXX object CMakeFiles/micro_ros_msgs__rosidl_typesupport_c.dir/rosidl_typesupport_c/micro_ros_msgs/msg/entity__type_support.cpp.o[0m
[2.317s] [ 50%] [32mBuilding CXX object CMakeFiles/micro_ros_msgs__rosidl_typesupport_c.dir/rosidl_typesupport_c/micro_ros_msgs/msg/node__type_support.cpp.o[0m
[2.317s] [ 52%] [32mBuilding CXX object CMakeFiles/micro_ros_msgs__rosidl_typesupport_c.dir/rosidl_typesupport_c/micro_ros_msgs/msg/graph__type_support.cpp.o[0m
[2.325s] [ 54%] [32mBuilding C object CMakeFiles/micro_ros_msgs__rosidl_typesupport_introspection_c.dir/rosidl_typesupport_introspection_c/micro_ros_msgs/msg/detail/graph__type_support.c.o[0m
[2.326s] [ 58%] [32mBuilding C object CMakeFiles/micro_ros_msgs__rosidl_typesupport_introspection_c.dir/rosidl_typesupport_introspection_c/micro_ros_msgs/msg/detail/entity__type_support.c.o[0m
[2.326s] [ 56%] [32mBuilding C object CMakeFiles/micro_ros_msgs__rosidl_typesupport_introspection_c.dir/rosidl_typesupport_introspection_c/micro_ros_msgs/msg/detail/node__type_support.c.o[0m
[2.386s] [ 60%] [32m[1mLinking CXX shared library libmicro_ros_msgs__rosidl_typesupport_c.so[0m
[2.401s] [ 62%] [32m[1mLinking C shared library libmicro_ros_msgs__rosidl_typesupport_introspection_c.so[0m
[2.413s] [ 64%] [32mBuilding CXX object CMakeFiles/micro_ros_msgs__rosidl_typesupport_fastrtps_c.dir/rosidl_typesupport_fastrtps_c/micro_ros_msgs/msg/detail/entity__type_support_c.cpp.o[0m
[2.414s] [ 66%] [32mBuilding CXX object CMakeFiles/micro_ros_msgs__rosidl_typesupport_fastrtps_c.dir/rosidl_typesupport_fastrtps_c/micro_ros_msgs/msg/detail/node__type_support_c.cpp.o[0m
[2.417s] [ 68%] [32mBuilding CXX object CMakeFiles/micro_ros_msgs__rosidl_typesupport_fastrtps_c.dir/rosidl_typesupport_fastrtps_c/micro_ros_msgs/msg/detail/graph__type_support_c.cpp.o[0m
[2.453s] [ 68%] Built target micro_ros_msgs__rosidl_typesupport_introspection_c
[2.460s] [ 68%] Built target micro_ros_msgs__rosidl_typesupport_c
[2.487s] [ 70%] [32m[1mLinking CXX shared library libmicro_ros_msgs__rosidl_typesupport_cpp.so[0m
[2.551s] [ 70%] Built target micro_ros_msgs__rosidl_typesupport_cpp
[2.791s] [ 72%] [32m[1mLinking CXX shared library libmicro_ros_msgs__rosidl_typesupport_introspection_cpp.so[0m
[2.809s] [ 75%] [32m[1mLinking CXX shared library libmicro_ros_msgs__rosidl_typesupport_fastrtps_cpp.so[0m
[2.816s] [ 77%] [32m[1mLinking CXX shared library libmicro_ros_msgs__rosidl_typesupport_fastrtps_c.so[0m
[2.878s] [ 77%] Built target micro_ros_msgs__rosidl_typesupport_introspection_cpp
[2.894s] [ 77%] Built target micro_ros_msgs__rosidl_typesupport_fastrtps_c
[2.895s] [ 77%] Built target micro_ros_msgs__rosidl_typesupport_fastrtps_cpp
[2.912s] [ 77%] Built target micro_ros_msgs
[2.932s] [ 79%] [34m[1mGenerating Python code for ROS interfaces[0m
[3.342s] [ 79%] Built target micro_ros_msgs__py
[3.361s] [ 83%] [32mBuilding C object CMakeFiles/micro_ros_msgs__rosidl_generator_py.dir/rosidl_generator_py/micro_ros_msgs/msg/_graph_s.c.o[0m
[3.361s] [ 85%] [32mBuilding C object CMakeFiles/micro_ros_msgs__rosidl_generator_py.dir/rosidl_generator_py/micro_ros_msgs/msg/_entity_s.c.o[0m
[3.361s] [ 85%] [32mBuilding C object CMakeFiles/micro_ros_msgs__rosidl_generator_py.dir/rosidl_generator_py/micro_ros_msgs/msg/_node_s.c.o[0m
[3.440s] [ 87%] [32m[1mLinking C shared library rosidl_generator_py/micro_ros_msgs/libmicro_ros_msgs__rosidl_generator_py.so[0m
[3.475s] [ 87%] Built target micro_ros_msgs__rosidl_generator_py
[3.493s] [ 93%] [32mBuilding C object CMakeFiles/micro_ros_msgs__rosidl_typesupport_introspection_c__pyext.dir/rosidl_generator_py/micro_ros_msgs/_micro_ros_msgs_s.ep.rosidl_typesupport_introspection_c.c.o[0m
[3.493s] [ 93%] [32mBuilding C object CMakeFiles/micro_ros_msgs__rosidl_typesupport_c__pyext.dir/rosidl_generator_py/micro_ros_msgs/_micro_ros_msgs_s.ep.rosidl_typesupport_c.c.o[0m
[3.493s] [ 93%] [32mBuilding C object CMakeFiles/micro_ros_msgs__rosidl_typesupport_fastrtps_c__pyext.dir/rosidl_generator_py/micro_ros_msgs/_micro_ros_msgs_s.ep.rosidl_typesupport_fastrtps_c.c.o[0m
[3.566s] [ 95%] [32m[1mLinking C shared library rosidl_generator_py/micro_ros_msgs/micro_ros_msgs_s__rosidl_typesupport_c.cpython-310-x86_64-linux-gnu.so[0m
[3.569s] [100%] [32m[1mLinking C shared library rosidl_generator_py/micro_ros_msgs/micro_ros_msgs_s__rosidl_typesupport_fastrtps_c.cpython-310-x86_64-linux-gnu.so[0m
[3.569s] [100%] [32m[1mLinking C shared library rosidl_generator_py/micro_ros_msgs/micro_ros_msgs_s__rosidl_typesupport_introspection_c.cpython-310-x86_64-linux-gnu.so[0m
[3.595s] [100%] Built target micro_ros_msgs__rosidl_typesupport_introspection_c__pyext
[3.595s] [100%] Built target micro_ros_msgs__rosidl_typesupport_c__pyext
[3.600s] [100%] Built target micro_ros_msgs__rosidl_typesupport_fastrtps_c__pyext
[3.613s] Invoked command in '/home/kk/Desktop/fishbot_ws/build/micro_ros_msgs' returned '0': CMAKE_PREFIX_PATH=/opt/ros/humble /usr/bin/cmake --build /home/kk/Desktop/fishbot_ws/build/micro_ros_msgs -- -j16 -l16
[3.624s] Invoking command in '/home/kk/Desktop/fishbot_ws/build/micro_ros_msgs': CMAKE_PREFIX_PATH=/opt/ros/humble /usr/bin/cmake --install /home/kk/Desktop/fishbot_ws/build/micro_ros_msgs
[3.632s] -- Install configuration: ""
[3.632s] -- Installing: /home/kk/Desktop/fishbot_ws/install/micro_ros_msgs/share/ament_index/resource_index/rosidl_interfaces/micro_ros_msgs
[3.632s] -- Installing: /home/kk/Desktop/fishbot_ws/install/micro_ros_msgs/include/micro_ros_msgs/micro_ros_msgs
[3.632s] -- Installing: /home/kk/Desktop/fishbot_ws/install/micro_ros_msgs/include/micro_ros_msgs/micro_ros_msgs/msg
[3.632s] -- Installing: /home/kk/Desktop/fishbot_ws/install/micro_ros_msgs/include/micro_ros_msgs/micro_ros_msgs/msg/graph.h
[3.632s] -- Installing: /home/kk/Desktop/fishbot_ws/install/micro_ros_msgs/include/micro_ros_msgs/micro_ros_msgs/msg/node.h
[3.632s] -- Installing: /home/kk/Desktop/fishbot_ws/install/micro_ros_msgs/include/micro_ros_msgs/micro_ros_msgs/msg/rosidl_generator_c__visibility_control.h
[3.632s] -- Installing: /home/kk/Desktop/fishbot_ws/install/micro_ros_msgs/include/micro_ros_msgs/micro_ros_msgs/msg/entity.h
[3.633s] -- Installing: /home/kk/Desktop/fishbot_ws/install/micro_ros_msgs/include/micro_ros_msgs/micro_ros_msgs/msg/detail
[3.633s] -- Installing: /home/kk/Desktop/fishbot_ws/install/micro_ros_msgs/include/micro_ros_msgs/micro_ros_msgs/msg/detail/entity__type_support.h
[3.633s] -- Installing: /home/kk/Desktop/fishbot_ws/install/micro_ros_msgs/include/micro_ros_msgs/micro_ros_msgs/msg/detail/node__type_support.h
[3.633s] -- Installing: /home/kk/Desktop/fishbot_ws/install/micro_ros_msgs/include/micro_ros_msgs/micro_ros_msgs/msg/detail/node__struct.h
[3.633s] -- Installing: /home/kk/Desktop/fishbot_ws/install/micro_ros_msgs/include/micro_ros_msgs/micro_ros_msgs/msg/detail/node__functions.c
[3.633s] -- Installing: /home/kk/Desktop/fishbot_ws/install/micro_ros_msgs/include/micro_ros_msgs/micro_ros_msgs/msg/detail/entity__struct.h
[3.633s] -- Installing: /home/kk/Desktop/fishbot_ws/install/micro_ros_msgs/include/micro_ros_msgs/micro_ros_msgs/msg/detail/node__functions.h
[3.633s] -- Installing: /home/kk/Desktop/fishbot_ws/install/micro_ros_msgs/include/micro_ros_msgs/micro_ros_msgs/msg/detail/graph__type_support.h
[3.633s] -- Installing: /home/kk/Desktop/fishbot_ws/install/micro_ros_msgs/include/micro_ros_msgs/micro_ros_msgs/msg/detail/entity__functions.h
[3.633s] -- Installing: /home/kk/Desktop/fishbot_ws/install/micro_ros_msgs/include/micro_ros_msgs/micro_ros_msgs/msg/detail/entity__functions.c
[3.634s] -- Installing: /home/kk/Desktop/fishbot_ws/install/micro_ros_msgs/include/micro_ros_msgs/micro_ros_msgs/msg/detail/graph__struct.h
[3.634s] -- Installing: /home/kk/Desktop/fishbot_ws/install/micro_ros_msgs/include/micro_ros_msgs/micro_ros_msgs/msg/detail/graph__functions.c
[3.634s] -- Installing: /home/kk/Desktop/fishbot_ws/install/micro_ros_msgs/include/micro_ros_msgs/micro_ros_msgs/msg/detail/graph__functions.h
[3.634s] -- Installing: /home/kk/Desktop/fishbot_ws/install/micro_ros_msgs/share/micro_ros_msgs/environment/library_path.sh
[3.634s] -- Installing: /home/kk/Desktop/fishbot_ws/install/micro_ros_msgs/share/micro_ros_msgs/environment/library_path.dsv
[3.634s] -- Installing: /home/kk/Desktop/fishbot_ws/install/micro_ros_msgs/lib/libmicro_ros_msgs__rosidl_generator_c.so
[3.635s] -- Set runtime path of "/home/kk/Desktop/fishbot_ws/install/micro_ros_msgs/lib/libmicro_ros_msgs__rosidl_generator_c.so" to ""
[3.635s] -- Up-to-date: /home/kk/Desktop/fishbot_ws/install/micro_ros_msgs/include/micro_ros_msgs/micro_ros_msgs
[3.635s] -- Up-to-date: /home/kk/Desktop/fishbot_ws/install/micro_ros_msgs/include/micro_ros_msgs/micro_ros_msgs/msg
[3.635s] -- Installing: /home/kk/Desktop/fishbot_ws/install/micro_ros_msgs/include/micro_ros_msgs/micro_ros_msgs/msg/rosidl_typesupport_fastrtps_c__visibility_control.h
[3.635s] -- Up-to-date: /home/kk/Desktop/fishbot_ws/install/micro_ros_msgs/include/micro_ros_msgs/micro_ros_msgs/msg/detail
[3.635s] -- Installing: /home/kk/Desktop/fishbot_ws/install/micro_ros_msgs/include/micro_ros_msgs/micro_ros_msgs/msg/detail/entity__rosidl_typesupport_fastrtps_c.h
[3.635s] -- Installing: /home/kk/Desktop/fishbot_ws/install/micro_ros_msgs/include/micro_ros_msgs/micro_ros_msgs/msg/detail/graph__rosidl_typesupport_fastrtps_c.h
[3.635s] -- Installing: /home/kk/Desktop/fishbot_ws/install/micro_ros_msgs/include/micro_ros_msgs/micro_ros_msgs/msg/detail/node__rosidl_typesupport_fastrtps_c.h
[3.635s] -- Installing: /home/kk/Desktop/fishbot_ws/install/micro_ros_msgs/lib/libmicro_ros_msgs__rosidl_typesupport_fastrtps_c.so
[3.636s] -- Set runtime path of "/home/kk/Desktop/fishbot_ws/install/micro_ros_msgs/lib/libmicro_ros_msgs__rosidl_typesupport_fastrtps_c.so" to ""
[3.636s] -- Up-to-date: /home/kk/Desktop/fishbot_ws/install/micro_ros_msgs/include/micro_ros_msgs/micro_ros_msgs
[3.636s] -- Up-to-date: /home/kk/Desktop/fishbot_ws/install/micro_ros_msgs/include/micro_ros_msgs/micro_ros_msgs/msg
[3.636s] -- Up-to-date: /home/kk/Desktop/fishbot_ws/install/micro_ros_msgs/include/micro_ros_msgs/micro_ros_msgs/msg/detail
[3.637s] -- Installing: /home/kk/Desktop/fishbot_ws/install/micro_ros_msgs/include/micro_ros_msgs/micro_ros_msgs/msg/detail/node__rosidl_typesupport_introspection_c.h
[3.637s] -- Installing: /home/kk/Desktop/fishbot_ws/install/micro_ros_msgs/include/micro_ros_msgs/micro_ros_msgs/msg/detail/entity__rosidl_typesupport_introspection_c.h
[3.637s] -- Installing: /home/kk/Desktop/fishbot_ws/install/micro_ros_msgs/include/micro_ros_msgs/micro_ros_msgs/msg/detail/graph__type_support.c
[3.637s] -- Installing: /home/kk/Desktop/fishbot_ws/install/micro_ros_msgs/include/micro_ros_msgs/micro_ros_msgs/msg/detail/node__type_support.c
[3.637s] -- Installing: /home/kk/Desktop/fishbot_ws/install/micro_ros_msgs/include/micro_ros_msgs/micro_ros_msgs/msg/detail/graph__rosidl_typesupport_introspection_c.h
[3.637s] -- Installing: /home/kk/Desktop/fishbot_ws/install/micro_ros_msgs/include/micro_ros_msgs/micro_ros_msgs/msg/detail/entity__type_support.c
[3.637s] -- Installing: /home/kk/Desktop/fishbot_ws/install/micro_ros_msgs/include/micro_ros_msgs/micro_ros_msgs/msg/rosidl_typesupport_introspection_c__visibility_control.h
[3.637s] -- Installing: /home/kk/Desktop/fishbot_ws/install/micro_ros_msgs/lib/libmicro_ros_msgs__rosidl_typesupport_introspection_c.so
[3.638s] -- Set runtime path of "/home/kk/Desktop/fishbot_ws/install/micro_ros_msgs/lib/libmicro_ros_msgs__rosidl_typesupport_introspection_c.so" to ""
[3.638s] -- Installing: /home/kk/Desktop/fishbot_ws/install/micro_ros_msgs/lib/libmicro_ros_msgs__rosidl_typesupport_c.so
[3.638s] -- Set runtime path of "/home/kk/Desktop/fishbot_ws/install/micro_ros_msgs/lib/libmicro_ros_msgs__rosidl_typesupport_c.so" to ""
[3.638s] -- Up-to-date: /home/kk/Desktop/fishbot_ws/install/micro_ros_msgs/include/micro_ros_msgs/micro_ros_msgs
[3.638s] -- Up-to-date: /home/kk/Desktop/fishbot_ws/install/micro_ros_msgs/include/micro_ros_msgs/micro_ros_msgs/msg
[3.638s] -- Installing: /home/kk/Desktop/fishbot_ws/install/micro_ros_msgs/include/micro_ros_msgs/micro_ros_msgs/msg/node.hpp
[3.639s] -- Installing: /home/kk/Desktop/fishbot_ws/install/micro_ros_msgs/include/micro_ros_msgs/micro_ros_msgs/msg/entity.hpp
[3.639s] -- Up-to-date: /home/kk/Desktop/fishbot_ws/install/micro_ros_msgs/include/micro_ros_msgs/micro_ros_msgs/msg/detail
[3.639s] -- Installing: /home/kk/Desktop/fishbot_ws/install/micro_ros_msgs/include/micro_ros_msgs/micro_ros_msgs/msg/detail/graph__builder.hpp
[3.639s] -- Installing: /home/kk/Desktop/fishbot_ws/install/micro_ros_msgs/include/micro_ros_msgs/micro_ros_msgs/msg/detail/graph__struct.hpp
[3.639s] -- Installing: /home/kk/Desktop/fishbot_ws/install/micro_ros_msgs/include/micro_ros_msgs/micro_ros_msgs/msg/detail/graph__type_support.hpp
[3.639s] -- Installing: /home/kk/Desktop/fishbot_ws/install/micro_ros_msgs/include/micro_ros_msgs/micro_ros_msgs/msg/detail/graph__traits.hpp
[3.639s] -- Installing: /home/kk/Desktop/fishbot_ws/install/micro_ros_msgs/include/micro_ros_msgs/micro_ros_msgs/msg/detail/node__builder.hpp
[3.639s] -- Installing: /home/kk/Desktop/fishbot_ws/install/micro_ros_msgs/include/micro_ros_msgs/micro_ros_msgs/msg/detail/node__struct.hpp
[3.639s] -- Installing: /home/kk/Desktop/fishbot_ws/install/micro_ros_msgs/include/micro_ros_msgs/micro_ros_msgs/msg/detail/node__type_support.hpp
[3.639s] -- Installing: /home/kk/Desktop/fishbot_ws/install/micro_ros_msgs/include/micro_ros_msgs/micro_ros_msgs/msg/detail/entity__builder.hpp
[3.639s] -- Installing: /home/kk/Desktop/fishbot_ws/install/micro_ros_msgs/include/micro_ros_msgs/micro_ros_msgs/msg/detail/entity__struct.hpp
[3.639s] -- Installing: /home/kk/Desktop/fishbot_ws/install/micro_ros_msgs/include/micro_ros_msgs/micro_ros_msgs/msg/detail/node__traits.hpp
[3.639s] -- Installing: /home/kk/Desktop/fishbot_ws/install/micro_ros_msgs/include/micro_ros_msgs/micro_ros_msgs/msg/detail/entity__type_support.hpp
[3.639s] -- Installing: /home/kk/Desktop/fishbot_ws/install/micro_ros_msgs/include/micro_ros_msgs/micro_ros_msgs/msg/detail/entity__traits.hpp
[3.639s] -- Installing: /home/kk/Desktop/fishbot_ws/install/micro_ros_msgs/include/micro_ros_msgs/micro_ros_msgs/msg/rosidl_generator_cpp__visibility_control.hpp
[3.639s] -- Installing: /home/kk/Desktop/fishbot_ws/install/micro_ros_msgs/include/micro_ros_msgs/micro_ros_msgs/msg/graph.hpp
[3.640s] -- Up-to-date: /home/kk/Desktop/fishbot_ws/install/micro_ros_msgs/include/micro_ros_msgs/micro_ros_msgs
[3.640s] -- Up-to-date: /home/kk/Desktop/fishbot_ws/install/micro_ros_msgs/include/micro_ros_msgs/micro_ros_msgs/msg
[3.640s] -- Installing: /home/kk/Desktop/fishbot_ws/install/micro_ros_msgs/include/micro_ros_msgs/micro_ros_msgs/msg/rosidl_typesupport_fastrtps_cpp__visibility_control.h
[3.640s] -- Up-to-date: /home/kk/Desktop/fishbot_ws/install/micro_ros_msgs/include/micro_ros_msgs/micro_ros_msgs/msg/detail
[3.640s] -- Installing: /home/kk/Desktop/fishbot_ws/install/micro_ros_msgs/include/micro_ros_msgs/micro_ros_msgs/msg/detail/node__rosidl_typesupport_fastrtps_cpp.hpp
[3.640s] -- Installing: /home/kk/Desktop/fishbot_ws/install/micro_ros_msgs/include/micro_ros_msgs/micro_ros_msgs/msg/detail/entity__rosidl_typesupport_fastrtps_cpp.hpp
[3.640s] -- Installing: /home/kk/Desktop/fishbot_ws/install/micro_ros_msgs/include/micro_ros_msgs/micro_ros_msgs/msg/detail/graph__rosidl_typesupport_fastrtps_cpp.hpp
[3.640s] -- Installing: /home/kk/Desktop/fishbot_ws/install/micro_ros_msgs/include/micro_ros_msgs/micro_ros_msgs/msg/detail/dds_fastrtps
[3.640s] -- Installing: /home/kk/Desktop/fishbot_ws/install/micro_ros_msgs/lib/libmicro_ros_msgs__rosidl_typesupport_fastrtps_cpp.so
[3.641s] -- Set runtime path of "/home/kk/Desktop/fishbot_ws/install/micro_ros_msgs/lib/libmicro_ros_msgs__rosidl_typesupport_fastrtps_cpp.so" to ""
[3.641s] -- Up-to-date: /home/kk/Desktop/fishbot_ws/install/micro_ros_msgs/include/micro_ros_msgs/micro_ros_msgs
[3.641s] -- Up-to-date: /home/kk/Desktop/fishbot_ws/install/micro_ros_msgs/include/micro_ros_msgs/micro_ros_msgs/msg
[3.641s] -- Up-to-date: /home/kk/Desktop/fishbot_ws/install/micro_ros_msgs/include/micro_ros_msgs/micro_ros_msgs/msg/detail
[3.641s] -- Installing: /home/kk/Desktop/fishbot_ws/install/micro_ros_msgs/include/micro_ros_msgs/micro_ros_msgs/msg/detail/graph__type_support.cpp
[3.641s] -- Installing: /home/kk/Desktop/fishbot_ws/install/micro_ros_msgs/include/micro_ros_msgs/micro_ros_msgs/msg/detail/entity__type_support.cpp
[3.641s] -- Installing: /home/kk/Desktop/fishbot_ws/install/micro_ros_msgs/include/micro_ros_msgs/micro_ros_msgs/msg/detail/node__type_support.cpp
[3.642s] -- Installing: /home/kk/Desktop/fishbot_ws/install/micro_ros_msgs/include/micro_ros_msgs/micro_ros_msgs/msg/detail/graph__rosidl_typesupport_introspection_cpp.hpp
[3.642s] -- Installing: /home/kk/Desktop/fishbot_ws/install/micro_ros_msgs/include/micro_ros_msgs/micro_ros_msgs/msg/detail/node__rosidl_typesupport_introspection_cpp.hpp
[3.642s] -- Installing: /home/kk/Desktop/fishbot_ws/install/micro_ros_msgs/include/micro_ros_msgs/micro_ros_msgs/msg/detail/entity__rosidl_typesupport_introspection_cpp.hpp
[3.642s] -- Installing: /home/kk/Desktop/fishbot_ws/install/micro_ros_msgs/lib/libmicro_ros_msgs__rosidl_typesupport_introspection_cpp.so
[3.643s] -- Set runtime path of "/home/kk/Desktop/fishbot_ws/install/micro_ros_msgs/lib/libmicro_ros_msgs__rosidl_typesupport_introspection_cpp.so" to ""
[3.643s] -- Installing: /home/kk/Desktop/fishbot_ws/install/micro_ros_msgs/lib/libmicro_ros_msgs__rosidl_typesupport_cpp.so
[3.644s] -- Set runtime path of "/home/kk/Desktop/fishbot_ws/install/micro_ros_msgs/lib/libmicro_ros_msgs__rosidl_typesupport_cpp.so" to ""
[3.644s] -- Installing: /home/kk/Desktop/fishbot_ws/install/micro_ros_msgs/share/micro_ros_msgs/environment/pythonpath.sh
[3.644s] -- Installing: /home/kk/Desktop/fishbot_ws/install/micro_ros_msgs/share/micro_ros_msgs/environment/pythonpath.dsv
[3.644s] -- Installing: /home/kk/Desktop/fishbot_ws/install/micro_ros_msgs/local/lib/python3.10/dist-packages/micro_ros_msgs-3.0.1-py3.10.egg-info
[3.644s] -- Installing: /home/kk/Desktop/fishbot_ws/install/micro_ros_msgs/local/lib/python3.10/dist-packages/micro_ros_msgs-3.0.1-py3.10.egg-info/SOURCES.txt
[3.644s] -- Installing: /home/kk/Desktop/fishbot_ws/install/micro_ros_msgs/local/lib/python3.10/dist-packages/micro_ros_msgs-3.0.1-py3.10.egg-info/top_level.txt
[3.644s] -- Installing: /home/kk/Desktop/fishbot_ws/install/micro_ros_msgs/local/lib/python3.10/dist-packages/micro_ros_msgs-3.0.1-py3.10.egg-info/dependency_links.txt
[3.644s] -- Installing: /home/kk/Desktop/fishbot_ws/install/micro_ros_msgs/local/lib/python3.10/dist-packages/micro_ros_msgs-3.0.1-py3.10.egg-info/PKG-INFO
[3.644s] -- Installing: /home/kk/Desktop/fishbot_ws/install/micro_ros_msgs/local/lib/python3.10/dist-packages/micro_ros_msgs
[3.644s] -- Installing: /home/kk/Desktop/fishbot_ws/install/micro_ros_msgs/local/lib/python3.10/dist-packages/micro_ros_msgs/micro_ros_msgs_s__rosidl_typesupport_c.cpython-310-x86_64-linux-gnu.so
[3.645s] -- Installing: /home/kk/Desktop/fishbot_ws/install/micro_ros_msgs/local/lib/python3.10/dist-packages/micro_ros_msgs/_micro_ros_msgs_s.ep.rosidl_typesupport_introspection_c.c
[3.645s] -- Installing: /home/kk/Desktop/fishbot_ws/install/micro_ros_msgs/local/lib/python3.10/dist-packages/micro_ros_msgs/msg
[3.645s] -- Installing: /home/kk/Desktop/fishbot_ws/install/micro_ros_msgs/local/lib/python3.10/dist-packages/micro_ros_msgs/msg/_node_s.c
[3.645s] -- Installing: /home/kk/Desktop/fishbot_ws/install/micro_ros_msgs/local/lib/python3.10/dist-packages/micro_ros_msgs/msg/_entity.py
[3.645s] -- Installing: /home/kk/Desktop/fishbot_ws/install/micro_ros_msgs/local/lib/python3.10/dist-packages/micro_ros_msgs/msg/_entity_s.c
[3.645s] -- Installing: /home/kk/Desktop/fishbot_ws/install/micro_ros_msgs/local/lib/python3.10/dist-packages/micro_ros_msgs/msg/_graph.py
[3.645s] -- Installing: /home/kk/Desktop/fishbot_ws/install/micro_ros_msgs/local/lib/python3.10/dist-packages/micro_ros_msgs/msg/__init__.py
[3.645s] -- Installing: /home/kk/Desktop/fishbot_ws/install/micro_ros_msgs/local/lib/python3.10/dist-packages/micro_ros_msgs/msg/_node.py
[3.645s] -- Installing: /home/kk/Desktop/fishbot_ws/install/micro_ros_msgs/local/lib/python3.10/dist-packages/micro_ros_msgs/msg/_graph_s.c
[3.645s] -- Installing: /home/kk/Desktop/fishbot_ws/install/micro_ros_msgs/local/lib/python3.10/dist-packages/micro_ros_msgs/micro_ros_msgs_s__rosidl_typesupport_fastrtps_c.cpython-310-x86_64-linux-gnu.so
[3.645s] -- Installing: /home/kk/Desktop/fishbot_ws/install/micro_ros_msgs/local/lib/python3.10/dist-packages/micro_ros_msgs/__init__.py
[3.645s] -- Installing: /home/kk/Desktop/fishbot_ws/install/micro_ros_msgs/local/lib/python3.10/dist-packages/micro_ros_msgs/libmicro_ros_msgs__rosidl_generator_py.so
[3.645s] -- Installing: /home/kk/Desktop/fishbot_ws/install/micro_ros_msgs/local/lib/python3.10/dist-packages/micro_ros_msgs/_micro_ros_msgs_s.ep.rosidl_typesupport_c.c
[3.645s] -- Installing: /home/kk/Desktop/fishbot_ws/install/micro_ros_msgs/local/lib/python3.10/dist-packages/micro_ros_msgs/micro_ros_msgs_s__rosidl_typesupport_introspection_c.cpython-310-x86_64-linux-gnu.so
[3.646s] -- Installing: /home/kk/Desktop/fishbot_ws/install/micro_ros_msgs/local/lib/python3.10/dist-packages/micro_ros_msgs/_micro_ros_msgs_s.ep.rosidl_typesupport_fastrtps_c.c
[3.672s] Listing '/home/kk/Desktop/fishbot_ws/install/micro_ros_msgs/local/lib/python3.10/dist-packages/micro_ros_msgs'...
[3.672s] Compiling '/home/kk/Desktop/fishbot_ws/install/micro_ros_msgs/local/lib/python3.10/dist-packages/micro_ros_msgs/__init__.py'...
[3.672s] Listing '/home/kk/Desktop/fishbot_ws/install/micro_ros_msgs/local/lib/python3.10/dist-packages/micro_ros_msgs/msg'...
[3.672s] Compiling '/home/kk/Desktop/fishbot_ws/install/micro_ros_msgs/local/lib/python3.10/dist-packages/micro_ros_msgs/msg/__init__.py'...
[3.672s] Compiling '/home/kk/Desktop/fishbot_ws/install/micro_ros_msgs/local/lib/python3.10/dist-packages/micro_ros_msgs/msg/_entity.py'...
[3.672s] Compiling '/home/kk/Desktop/fishbot_ws/install/micro_ros_msgs/local/lib/python3.10/dist-packages/micro_ros_msgs/msg/_graph.py'...
[3.672s] Compiling '/home/kk/Desktop/fishbot_ws/install/micro_ros_msgs/local/lib/python3.10/dist-packages/micro_ros_msgs/msg/_node.py'...
[3.675s] -- Installing: /home/kk/Desktop/fishbot_ws/install/micro_ros_msgs/local/lib/python3.10/dist-packages/micro_ros_msgs/micro_ros_msgs_s__rosidl_typesupport_fastrtps_c.cpython-310-x86_64-linux-gnu.so
[3.676s] -- Set runtime path of "/home/kk/Desktop/fishbot_ws/install/micro_ros_msgs/local/lib/python3.10/dist-packages/micro_ros_msgs/micro_ros_msgs_s__rosidl_typesupport_fastrtps_c.cpython-310-x86_64-linux-gnu.so" to ""
[3.676s] -- Installing: /home/kk/Desktop/fishbot_ws/install/micro_ros_msgs/local/lib/python3.10/dist-packages/micro_ros_msgs/micro_ros_msgs_s__rosidl_typesupport_introspection_c.cpython-310-x86_64-linux-gnu.so
[3.676s] -- Set runtime path of "/home/kk/Desktop/fishbot_ws/install/micro_ros_msgs/local/lib/python3.10/dist-packages/micro_ros_msgs/micro_ros_msgs_s__rosidl_typesupport_introspection_c.cpython-310-x86_64-linux-gnu.so" to ""
[3.677s] -- Installing: /home/kk/Desktop/fishbot_ws/install/micro_ros_msgs/local/lib/python3.10/dist-packages/micro_ros_msgs/micro_ros_msgs_s__rosidl_typesupport_c.cpython-310-x86_64-linux-gnu.so
[3.677s] -- Set runtime path of "/home/kk/Desktop/fishbot_ws/install/micro_ros_msgs/local/lib/python3.10/dist-packages/micro_ros_msgs/micro_ros_msgs_s__rosidl_typesupport_c.cpython-310-x86_64-linux-gnu.so" to ""
[3.678s] -- Installing: /home/kk/Desktop/fishbot_ws/install/micro_ros_msgs/lib/libmicro_ros_msgs__rosidl_generator_py.so
[3.678s] -- Set runtime path of "/home/kk/Desktop/fishbot_ws/install/micro_ros_msgs/lib/libmicro_ros_msgs__rosidl_generator_py.so" to ""
[3.678s] -- Installing: /home/kk/Desktop/fishbot_ws/install/micro_ros_msgs/share/ament_index/resource_index/rust_packages/micro_ros_msgs
[3.678s] -- Installing: /home/kk/Desktop/fishbot_ws/install/micro_ros_msgs/share/micro_ros_msgs/rust
[3.678s] -- Installing: /home/kk/Desktop/fishbot_ws/install/micro_ros_msgs/share/micro_ros_msgs/rust/build.rs
[3.678s] -- Installing: /home/kk/Desktop/fishbot_ws/install/micro_ros_msgs/share/micro_ros_msgs/rust/src
[3.678s] -- Installing: /home/kk/Desktop/fishbot_ws/install/micro_ros_msgs/share/micro_ros_msgs/rust/src/msg.rs
[3.678s] -- Installing: /home/kk/Desktop/fishbot_ws/install/micro_ros_msgs/share/micro_ros_msgs/rust/src/lib.rs
[3.679s] -- Installing: /home/kk/Desktop/fishbot_ws/install/micro_ros_msgs/share/micro_ros_msgs/rust/src/msg
[3.679s] -- Installing: /home/kk/Desktop/fishbot_ws/install/micro_ros_msgs/share/micro_ros_msgs/rust/src/msg/rmw.rs
[3.679s] -- Installing: /home/kk/Desktop/fishbot_ws/install/micro_ros_msgs/share/micro_ros_msgs/rust/Cargo.toml
[3.679s] -- Installing: /home/kk/Desktop/fishbot_ws/install/micro_ros_msgs/share/micro_ros_msgs/msg/Entity.idl
[3.679s] -- Installing: /home/kk/Desktop/fishbot_ws/install/micro_ros_msgs/share/micro_ros_msgs/msg/Node.idl
[3.679s] -- Installing: /home/kk/Desktop/fishbot_ws/install/micro_ros_msgs/share/micro_ros_msgs/msg/Graph.idl
[3.680s] -- Installing: /home/kk/Desktop/fishbot_ws/install/micro_ros_msgs/share/micro_ros_msgs/msg/Entity.msg
[3.680s] -- Installing: /home/kk/Desktop/fishbot_ws/install/micro_ros_msgs/share/micro_ros_msgs/msg/Node.msg
[3.680s] -- Installing: /home/kk/Desktop/fishbot_ws/install/micro_ros_msgs/share/micro_ros_msgs/msg/Graph.msg
[3.680s] -- Installing: /home/kk/Desktop/fishbot_ws/install/micro_ros_msgs/share/ament_index/resource_index/package_run_dependencies/micro_ros_msgs
[3.680s] -- Installing: /home/kk/Desktop/fishbot_ws/install/micro_ros_msgs/share/ament_index/resource_index/parent_prefix_path/micro_ros_msgs
[3.680s] -- Installing: /home/kk/Desktop/fishbot_ws/install/micro_ros_msgs/share/micro_ros_msgs/environment/ament_prefix_path.sh
[3.680s] -- Installing: /home/kk/Desktop/fishbot_ws/install/micro_ros_msgs/share/micro_ros_msgs/environment/ament_prefix_path.dsv
[3.681s] -- Installing: /home/kk/Desktop/fishbot_ws/install/micro_ros_msgs/share/micro_ros_msgs/environment/path.sh
[3.681s] -- Installing: /home/kk/Desktop/fishbot_ws/install/micro_ros_msgs/share/micro_ros_msgs/environment/path.dsv
[3.681s] -- Installing: /home/kk/Desktop/fishbot_ws/install/micro_ros_msgs/share/micro_ros_msgs/local_setup.bash
[3.681s] -- Installing: /home/kk/Desktop/fishbot_ws/install/micro_ros_msgs/share/micro_ros_msgs/local_setup.sh
[3.681s] -- Installing: /home/kk/Desktop/fishbot_ws/install/micro_ros_msgs/share/micro_ros_msgs/local_setup.zsh
[3.681s] -- Installing: /home/kk/Desktop/fishbot_ws/install/micro_ros_msgs/share/micro_ros_msgs/local_setup.dsv
[3.681s] -- Installing: /home/kk/Desktop/fishbot_ws/install/micro_ros_msgs/share/micro_ros_msgs/package.dsv
[3.681s] -- Installing: /home/kk/Desktop/fishbot_ws/install/micro_ros_msgs/share/ament_index/resource_index/packages/micro_ros_msgs
[3.682s] -- Installing: /home/kk/Desktop/fishbot_ws/install/micro_ros_msgs/share/micro_ros_msgs/cmake/export_micro_ros_msgs__rosidl_generator_cExport.cmake
[3.682s] -- Installing: /home/kk/Desktop/fishbot_ws/install/micro_ros_msgs/share/micro_ros_msgs/cmake/export_micro_ros_msgs__rosidl_generator_cExport-noconfig.cmake
[3.682s] -- Installing: /home/kk/Desktop/fishbot_ws/install/micro_ros_msgs/share/micro_ros_msgs/cmake/export_micro_ros_msgs__rosidl_typesupport_fastrtps_cExport.cmake
[3.682s] -- Installing: /home/kk/Desktop/fishbot_ws/install/micro_ros_msgs/share/micro_ros_msgs/cmake/export_micro_ros_msgs__rosidl_typesupport_fastrtps_cExport-noconfig.cmake
[3.682s] -- Installing: /home/kk/Desktop/fishbot_ws/install/micro_ros_msgs/share/micro_ros_msgs/cmake/micro_ros_msgs__rosidl_typesupport_introspection_cExport.cmake
[3.682s] -- Installing: /home/kk/Desktop/fishbot_ws/install/micro_ros_msgs/share/micro_ros_msgs/cmake/micro_ros_msgs__rosidl_typesupport_introspection_cExport-noconfig.cmake
[3.682s] -- Installing: /home/kk/Desktop/fishbot_ws/install/micro_ros_msgs/share/micro_ros_msgs/cmake/micro_ros_msgs__rosidl_typesupport_cExport.cmake
[3.683s] -- Installing: /home/kk/Desktop/fishbot_ws/install/micro_ros_msgs/share/micro_ros_msgs/cmake/micro_ros_msgs__rosidl_typesupport_cExport-noconfig.cmake
[3.683s] -- Installing: /home/kk/Desktop/fishbot_ws/install/micro_ros_msgs/share/micro_ros_msgs/cmake/export_micro_ros_msgs__rosidl_generator_cppExport.cmake
[3.683s] -- Installing: /home/kk/Desktop/fishbot_ws/install/micro_ros_msgs/share/micro_ros_msgs/cmake/export_micro_ros_msgs__rosidl_typesupport_fastrtps_cppExport.cmake
[3.683s] -- Installing: /home/kk/Desktop/fishbot_ws/install/micro_ros_msgs/share/micro_ros_msgs/cmake/export_micro_ros_msgs__rosidl_typesupport_fastrtps_cppExport-noconfig.cmake
[3.683s] -- Installing: /home/kk/Desktop/fishbot_ws/install/micro_ros_msgs/share/micro_ros_msgs/cmake/micro_ros_msgs__rosidl_typesupport_introspection_cppExport.cmake
[3.683s] -- Installing: /home/kk/Desktop/fishbot_ws/install/micro_ros_msgs/share/micro_ros_msgs/cmake/micro_ros_msgs__rosidl_typesupport_introspection_cppExport-noconfig.cmake
[3.683s] -- Installing: /home/kk/Desktop/fishbot_ws/install/micro_ros_msgs/share/micro_ros_msgs/cmake/micro_ros_msgs__rosidl_typesupport_cppExport.cmake
[3.683s] -- Installing: /home/kk/Desktop/fishbot_ws/install/micro_ros_msgs/share/micro_ros_msgs/cmake/micro_ros_msgs__rosidl_typesupport_cppExport-noconfig.cmake
[3.684s] -- Installing: /home/kk/Desktop/fishbot_ws/install/micro_ros_msgs/share/micro_ros_msgs/cmake/export_micro_ros_msgs__rosidl_generator_pyExport.cmake
[3.684s] -- Installing: /home/kk/Desktop/fishbot_ws/install/micro_ros_msgs/share/micro_ros_msgs/cmake/export_micro_ros_msgs__rosidl_generator_pyExport-noconfig.cmake
[3.684s] -- Installing: /home/kk/Desktop/fishbot_ws/install/micro_ros_msgs/share/micro_ros_msgs/cmake/rosidl_cmake-extras.cmake
[3.684s] -- Installing: /home/kk/Desktop/fishbot_ws/install/micro_ros_msgs/share/micro_ros_msgs/cmake/ament_cmake_export_include_directories-extras.cmake
[3.684s] -- Installing: /home/kk/Desktop/fishbot_ws/install/micro_ros_msgs/share/micro_ros_msgs/cmake/ament_cmake_export_libraries-extras.cmake
[3.684s] -- Installing: /home/kk/Desktop/fishbot_ws/install/micro_ros_msgs/share/micro_ros_msgs/cmake/ament_cmake_export_targets-extras.cmake
[3.684s] -- Installing: /home/kk/Desktop/fishbot_ws/install/micro_ros_msgs/share/micro_ros_msgs/cmake/rosidl_cmake_export_typesupport_targets-extras.cmake
[3.684s] -- Installing: /home/kk/Desktop/fishbot_ws/install/micro_ros_msgs/share/micro_ros_msgs/cmake/ament_cmake_export_dependencies-extras.cmake
[3.685s] -- Installing: /home/kk/Desktop/fishbot_ws/install/micro_ros_msgs/share/micro_ros_msgs/cmake/rosidl_cmake_export_typesupport_libraries-extras.cmake
[3.685s] -- Installing: /home/kk/Desktop/fishbot_ws/install/micro_ros_msgs/share/micro_ros_msgs/cmake/micro_ros_msgsConfig.cmake
[3.685s] -- Installing: /home/kk/Desktop/fishbot_ws/install/micro_ros_msgs/share/micro_ros_msgs/cmake/micro_ros_msgsConfig-version.cmake
[3.685s] -- Installing: /home/kk/Desktop/fishbot_ws/install/micro_ros_msgs/share/micro_ros_msgs/package.xml
[3.687s] Invoked command in '/home/kk/Desktop/fishbot_ws/build/micro_ros_msgs' returned '0': CMAKE_PREFIX_PATH=/opt/ros/humble /usr/bin/cmake --install /home/kk/Desktop/fishbot_ws/build/micro_ros_msgs
