[0.081s] DEBUG:colcon:Command line arguments: ['/usr/bin/colcon', 'build']
[0.081s] DEBUG:colcon:Parsed command line arguments: Namespace(log_base=None, log_level=None, verb_name='build', build_base='build', install_base='install', merge_install=False, symlink_install=False, test_result_base=None, continue_on_error=False, executor='parallel', parallel_workers=16, event_handlers=None, ignore_user_meta=False, metas=['./colcon.meta'], base_paths=['.'], packages_ignore=None, packages_ignore_regex=None, paths=None, packages_up_to=None, packages_up_to_regex=None, packages_above=None, packages_above_and_dependencies=None, packages_above_depth=None, packages_select_by_dep=None, packages_skip_by_dep=None, packages_skip_up_to=None, packages_select_build_failed=False, packages_skip_build_finished=False, packages_select_test_failures=False, packages_skip_test_passed=False, packages_select=None, packages_skip=None, packages_select_regex=None, packages_skip_regex=None, packages_start=None, packages_end=None, allow_overriding=[], cmake_args=None, cmake_target=None, cmake_target_skip_unavailable=False, cmake_clean_cache=False, cmake_clean_first=False, cmake_force_configure=False, ament_cmake_args=None, catkin_cmake_args=None, catkin_skip_building_tests=False, verb_parser=<colcon_defaults.argument_parser.defaults.DefaultArgumentsDecorator object at 0x7e405bd75ab0>, verb_extension=<colcon_core.verb.build.BuildVerb object at 0x7e405bd75570>, main=<bound method BuildVerb.main of <colcon_core.verb.build.BuildVerb object at 0x7e405bd75570>>)
[0.225s] Level 1:colcon.colcon_core.package_discovery:discover_packages(colcon_meta) check parameters
[0.225s] Level 1:colcon.colcon_core.package_discovery:discover_packages(recursive) check parameters
[0.226s] Level 1:colcon.colcon_core.package_discovery:discover_packages(ignore) check parameters
[0.226s] Level 1:colcon.colcon_core.package_discovery:discover_packages(path) check parameters
[0.226s] Level 1:colcon.colcon_core.package_discovery:discover_packages(colcon_meta) discover
[0.226s] Level 1:colcon.colcon_core.package_discovery:discover_packages(recursive) discover
[0.226s] INFO:colcon.colcon_core.package_discovery:Crawling recursively for packages in '/home/kk/Desktop/fishbot_ws'
[0.226s] Level 1:colcon.colcon_core.package_identification:_identify(.) by extensions ['ignore', 'ignore_ament_install']
[0.226s] Level 1:colcon.colcon_core.package_identification:_identify(.) by extension 'ignore'
[0.226s] Level 1:colcon.colcon_core.package_identification:_identify(.) by extension 'ignore_ament_install'
[0.226s] Level 1:colcon.colcon_core.package_identification:_identify(.) by extensions ['colcon_pkg']
[0.226s] Level 1:colcon.colcon_core.package_identification:_identify(.) by extension 'colcon_pkg'
[0.226s] Level 1:colcon.colcon_core.package_identification:_identify(.) by extensions ['colcon_meta']
[0.226s] Level 1:colcon.colcon_core.package_identification:_identify(.) by extension 'colcon_meta'
[0.226s] Level 1:colcon.colcon_core.package_identification:_identify(.) by extensions ['ros']
[0.226s] Level 1:colcon.colcon_core.package_identification:_identify(.) by extension 'ros'
[0.234s] Level 1:colcon.colcon_core.package_identification:_identify(.) by extensions ['cmake', 'python']
[0.234s] Level 1:colcon.colcon_core.package_identification:_identify(.) by extension 'cmake'
[0.234s] Level 1:colcon.colcon_core.package_identification:_identify(.) by extension 'python'
[0.234s] Level 1:colcon.colcon_core.package_identification:_identify(.) by extensions ['python_setup_py']
[0.234s] Level 1:colcon.colcon_core.package_identification:_identify(.) by extension 'python_setup_py'
[0.234s] Level 1:colcon.colcon_core.package_identification:_identify(build) by extensions ['ignore', 'ignore_ament_install']
[0.234s] Level 1:colcon.colcon_core.package_identification:_identify(build) by extension 'ignore'
[0.234s] Level 1:colcon.colcon_core.package_identification:_identify(build) ignored
[0.234s] Level 1:colcon.colcon_core.package_identification:_identify(install) by extensions ['ignore', 'ignore_ament_install']
[0.235s] Level 1:colcon.colcon_core.package_identification:_identify(install) by extension 'ignore'
[0.235s] Level 1:colcon.colcon_core.package_identification:_identify(install) ignored
[0.235s] Level 1:colcon.colcon_core.package_identification:_identify(log) by extensions ['ignore', 'ignore_ament_install']
[0.235s] Level 1:colcon.colcon_core.package_identification:_identify(log) by extension 'ignore'
[0.235s] Level 1:colcon.colcon_core.package_identification:_identify(log) ignored
[0.235s] Level 1:colcon.colcon_core.package_identification:_identify(src) by extensions ['ignore', 'ignore_ament_install']
[0.235s] Level 1:colcon.colcon_core.package_identification:_identify(src) by extension 'ignore'
[0.235s] Level 1:colcon.colcon_core.package_identification:_identify(src) by extension 'ignore_ament_install'
[0.235s] Level 1:colcon.colcon_core.package_identification:_identify(src) by extensions ['colcon_pkg']
[0.235s] Level 1:colcon.colcon_core.package_identification:_identify(src) by extension 'colcon_pkg'
[0.235s] Level 1:colcon.colcon_core.package_identification:_identify(src) by extensions ['colcon_meta']
[0.235s] Level 1:colcon.colcon_core.package_identification:_identify(src) by extension 'colcon_meta'
[0.235s] Level 1:colcon.colcon_core.package_identification:_identify(src) by extensions ['ros']
[0.235s] Level 1:colcon.colcon_core.package_identification:_identify(src) by extension 'ros'
[0.235s] Level 1:colcon.colcon_core.package_identification:_identify(src) by extensions ['cmake', 'python']
[0.235s] Level 1:colcon.colcon_core.package_identification:_identify(src) by extension 'cmake'
[0.235s] Level 1:colcon.colcon_core.package_identification:_identify(src) by extension 'python'
[0.235s] Level 1:colcon.colcon_core.package_identification:_identify(src) by extensions ['python_setup_py']
[0.235s] Level 1:colcon.colcon_core.package_identification:_identify(src) by extension 'python_setup_py'
[0.235s] Level 1:colcon.colcon_core.package_identification:_identify(src/micro-ROS-Agent) by extensions ['ignore', 'ignore_ament_install']
[0.235s] Level 1:colcon.colcon_core.package_identification:_identify(src/micro-ROS-Agent) by extension 'ignore'
[0.235s] Level 1:colcon.colcon_core.package_identification:_identify(src/micro-ROS-Agent) by extension 'ignore_ament_install'
[0.235s] Level 1:colcon.colcon_core.package_identification:_identify(src/micro-ROS-Agent) by extensions ['colcon_pkg']
[0.235s] Level 1:colcon.colcon_core.package_identification:_identify(src/micro-ROS-Agent) by extension 'colcon_pkg'
[0.235s] Level 1:colcon.colcon_core.package_identification:_identify(src/micro-ROS-Agent) by extensions ['colcon_meta']
[0.236s] Level 1:colcon.colcon_core.package_identification:_identify(src/micro-ROS-Agent) by extension 'colcon_meta'
[0.236s] Level 1:colcon.colcon_core.package_identification:_identify(src/micro-ROS-Agent) by extensions ['ros']
[0.236s] Level 1:colcon.colcon_core.package_identification:_identify(src/micro-ROS-Agent) by extension 'ros'
[0.236s] Level 1:colcon.colcon_core.package_identification:_identify(src/micro-ROS-Agent) by extensions ['cmake', 'python']
[0.236s] Level 1:colcon.colcon_core.package_identification:_identify(src/micro-ROS-Agent) by extension 'cmake'
[0.236s] Level 1:colcon.colcon_core.package_identification:_identify(src/micro-ROS-Agent) by extension 'python'
[0.236s] Level 1:colcon.colcon_core.package_identification:_identify(src/micro-ROS-Agent) by extensions ['python_setup_py']
[0.236s] Level 1:colcon.colcon_core.package_identification:_identify(src/micro-ROS-Agent) by extension 'python_setup_py'
[0.236s] Level 1:colcon.colcon_core.package_identification:_identify(src/micro-ROS-Agent/micro_ros_agent) by extensions ['ignore', 'ignore_ament_install']
[0.236s] Level 1:colcon.colcon_core.package_identification:_identify(src/micro-ROS-Agent/micro_ros_agent) by extension 'ignore'
[0.236s] Level 1:colcon.colcon_core.package_identification:_identify(src/micro-ROS-Agent/micro_ros_agent) by extension 'ignore_ament_install'
[0.236s] Level 1:colcon.colcon_core.package_identification:_identify(src/micro-ROS-Agent/micro_ros_agent) by extensions ['colcon_pkg']
[0.236s] Level 1:colcon.colcon_core.package_identification:_identify(src/micro-ROS-Agent/micro_ros_agent) by extension 'colcon_pkg'
[0.236s] Level 1:colcon.colcon_core.package_identification:_identify(src/micro-ROS-Agent/micro_ros_agent) by extensions ['colcon_meta']
[0.236s] Level 1:colcon.colcon_core.package_identification:_identify(src/micro-ROS-Agent/micro_ros_agent) by extension 'colcon_meta'
[0.236s] Level 1:colcon.colcon_core.package_identification:_identify(src/micro-ROS-Agent/micro_ros_agent) by extensions ['ros']
[0.236s] Level 1:colcon.colcon_core.package_identification:_identify(src/micro-ROS-Agent/micro_ros_agent) by extension 'ros'
[0.238s] DEBUG:colcon.colcon_core.package_identification:Package 'src/micro-ROS-Agent/micro_ros_agent' with type 'ros.ament_cmake' and name 'micro_ros_agent'
[0.238s] Level 1:colcon.colcon_core.package_identification:_identify(src/micro-ROS-Agent/snap) by extensions ['ignore', 'ignore_ament_install']
[0.238s] Level 1:colcon.colcon_core.package_identification:_identify(src/micro-ROS-Agent/snap) by extension 'ignore'
[0.238s] Level 1:colcon.colcon_core.package_identification:_identify(src/micro-ROS-Agent/snap) by extension 'ignore_ament_install'
[0.238s] Level 1:colcon.colcon_core.package_identification:_identify(src/micro-ROS-Agent/snap) by extensions ['colcon_pkg']
[0.238s] Level 1:colcon.colcon_core.package_identification:_identify(src/micro-ROS-Agent/snap) by extension 'colcon_pkg'
[0.239s] Level 1:colcon.colcon_core.package_identification:_identify(src/micro-ROS-Agent/snap) by extensions ['colcon_meta']
[0.239s] Level 1:colcon.colcon_core.package_identification:_identify(src/micro-ROS-Agent/snap) by extension 'colcon_meta'
[0.239s] Level 1:colcon.colcon_core.package_identification:_identify(src/micro-ROS-Agent/snap) by extensions ['ros']
[0.239s] Level 1:colcon.colcon_core.package_identification:_identify(src/micro-ROS-Agent/snap) by extension 'ros'
[0.239s] Level 1:colcon.colcon_core.package_identification:_identify(src/micro-ROS-Agent/snap) by extensions ['cmake', 'python']
[0.239s] Level 1:colcon.colcon_core.package_identification:_identify(src/micro-ROS-Agent/snap) by extension 'cmake'
[0.239s] Level 1:colcon.colcon_core.package_identification:_identify(src/micro-ROS-Agent/snap) by extension 'python'
[0.239s] Level 1:colcon.colcon_core.package_identification:_identify(src/micro-ROS-Agent/snap) by extensions ['python_setup_py']
[0.239s] Level 1:colcon.colcon_core.package_identification:_identify(src/micro-ROS-Agent/snap) by extension 'python_setup_py'
[0.239s] Level 1:colcon.colcon_core.package_identification:_identify(src/micro-ROS-Agent/snap/hooks) by extensions ['ignore', 'ignore_ament_install']
[0.239s] Level 1:colcon.colcon_core.package_identification:_identify(src/micro-ROS-Agent/snap/hooks) by extension 'ignore'
[0.239s] Level 1:colcon.colcon_core.package_identification:_identify(src/micro-ROS-Agent/snap/hooks) by extension 'ignore_ament_install'
[0.239s] Level 1:colcon.colcon_core.package_identification:_identify(src/micro-ROS-Agent/snap/hooks) by extensions ['colcon_pkg']
[0.239s] Level 1:colcon.colcon_core.package_identification:_identify(src/micro-ROS-Agent/snap/hooks) by extension 'colcon_pkg'
[0.239s] Level 1:colcon.colcon_core.package_identification:_identify(src/micro-ROS-Agent/snap/hooks) by extensions ['colcon_meta']
[0.239s] Level 1:colcon.colcon_core.package_identification:_identify(src/micro-ROS-Agent/snap/hooks) by extension 'colcon_meta'
[0.239s] Level 1:colcon.colcon_core.package_identification:_identify(src/micro-ROS-Agent/snap/hooks) by extensions ['ros']
[0.239s] Level 1:colcon.colcon_core.package_identification:_identify(src/micro-ROS-Agent/snap/hooks) by extension 'ros'
[0.239s] Level 1:colcon.colcon_core.package_identification:_identify(src/micro-ROS-Agent/snap/hooks) by extensions ['cmake', 'python']
[0.239s] Level 1:colcon.colcon_core.package_identification:_identify(src/micro-ROS-Agent/snap/hooks) by extension 'cmake'
[0.239s] Level 1:colcon.colcon_core.package_identification:_identify(src/micro-ROS-Agent/snap/hooks) by extension 'python'
[0.239s] Level 1:colcon.colcon_core.package_identification:_identify(src/micro-ROS-Agent/snap/hooks) by extensions ['python_setup_py']
[0.239s] Level 1:colcon.colcon_core.package_identification:_identify(src/micro-ROS-Agent/snap/hooks) by extension 'python_setup_py'
[0.239s] Level 1:colcon.colcon_core.package_identification:_identify(src/micro-ROS-Agent/snap/local) by extensions ['ignore', 'ignore_ament_install']
[0.239s] Level 1:colcon.colcon_core.package_identification:_identify(src/micro-ROS-Agent/snap/local) by extension 'ignore'
[0.239s] Level 1:colcon.colcon_core.package_identification:_identify(src/micro-ROS-Agent/snap/local) by extension 'ignore_ament_install'
[0.239s] Level 1:colcon.colcon_core.package_identification:_identify(src/micro-ROS-Agent/snap/local) by extensions ['colcon_pkg']
[0.240s] Level 1:colcon.colcon_core.package_identification:_identify(src/micro-ROS-Agent/snap/local) by extension 'colcon_pkg'
[0.240s] Level 1:colcon.colcon_core.package_identification:_identify(src/micro-ROS-Agent/snap/local) by extensions ['colcon_meta']
[0.240s] Level 1:colcon.colcon_core.package_identification:_identify(src/micro-ROS-Agent/snap/local) by extension 'colcon_meta'
[0.240s] Level 1:colcon.colcon_core.package_identification:_identify(src/micro-ROS-Agent/snap/local) by extensions ['ros']
[0.240s] Level 1:colcon.colcon_core.package_identification:_identify(src/micro-ROS-Agent/snap/local) by extension 'ros'
[0.240s] Level 1:colcon.colcon_core.package_identification:_identify(src/micro-ROS-Agent/snap/local) by extensions ['cmake', 'python']
[0.240s] Level 1:colcon.colcon_core.package_identification:_identify(src/micro-ROS-Agent/snap/local) by extension 'cmake'
[0.240s] Level 1:colcon.colcon_core.package_identification:_identify(src/micro-ROS-Agent/snap/local) by extension 'python'
[0.240s] Level 1:colcon.colcon_core.package_identification:_identify(src/micro-ROS-Agent/snap/local) by extensions ['python_setup_py']
[0.240s] Level 1:colcon.colcon_core.package_identification:_identify(src/micro-ROS-Agent/snap/local) by extension 'python_setup_py'
[0.240s] Level 1:colcon.colcon_core.package_identification:_identify(src/micro_ros_msgs) by extensions ['ignore', 'ignore_ament_install']
[0.240s] Level 1:colcon.colcon_core.package_identification:_identify(src/micro_ros_msgs) by extension 'ignore'
[0.240s] Level 1:colcon.colcon_core.package_identification:_identify(src/micro_ros_msgs) by extension 'ignore_ament_install'
[0.240s] Level 1:colcon.colcon_core.package_identification:_identify(src/micro_ros_msgs) by extensions ['colcon_pkg']
[0.240s] Level 1:colcon.colcon_core.package_identification:_identify(src/micro_ros_msgs) by extension 'colcon_pkg'
[0.240s] Level 1:colcon.colcon_core.package_identification:_identify(src/micro_ros_msgs) by extensions ['colcon_meta']
[0.240s] Level 1:colcon.colcon_core.package_identification:_identify(src/micro_ros_msgs) by extension 'colcon_meta'
[0.240s] Level 1:colcon.colcon_core.package_identification:_identify(src/micro_ros_msgs) by extensions ['ros']
[0.240s] Level 1:colcon.colcon_core.package_identification:_identify(src/micro_ros_msgs) by extension 'ros'
[0.241s] DEBUG:colcon.colcon_core.package_identification:Package 'src/micro_ros_msgs' with type 'ros.ament_cmake' and name 'micro_ros_msgs'
[0.241s] Level 1:colcon.colcon_core.package_discovery:discover_packages(recursive) using defaults
[0.241s] Level 1:colcon.colcon_core.package_discovery:discover_packages(ignore) discover
[0.241s] Level 1:colcon.colcon_core.package_discovery:discover_packages(ignore) using defaults
[0.241s] Level 1:colcon.colcon_core.package_discovery:discover_packages(path) discover
[0.241s] Level 1:colcon.colcon_core.package_discovery:discover_packages(path) using defaults
[0.264s] Level 1:colcon.colcon_core.package_discovery:discover_packages(prefix_path) check parameters
[0.264s] Level 1:colcon.colcon_core.package_discovery:discover_packages(prefix_path) discover
[0.266s] DEBUG:colcon.colcon_installed_package_information.package_discovery:Found 279 installed packages in /opt/ros/humble
[0.267s] Level 1:colcon.colcon_core.package_discovery:discover_packages(prefix_path) using defaults
[0.294s] Level 5:colcon.colcon_core.verb:set package 'micro_ros_msgs' build argument 'cmake_args' from command line to 'None'
[0.294s] Level 5:colcon.colcon_core.verb:set package 'micro_ros_msgs' build argument 'cmake_target' from command line to 'None'
[0.294s] Level 5:colcon.colcon_core.verb:set package 'micro_ros_msgs' build argument 'cmake_target_skip_unavailable' from command line to 'False'
[0.294s] Level 5:colcon.colcon_core.verb:set package 'micro_ros_msgs' build argument 'cmake_clean_cache' from command line to 'False'
[0.294s] Level 5:colcon.colcon_core.verb:set package 'micro_ros_msgs' build argument 'cmake_clean_first' from command line to 'False'
[0.295s] Level 5:colcon.colcon_core.verb:set package 'micro_ros_msgs' build argument 'cmake_force_configure' from command line to 'False'
[0.295s] Level 5:colcon.colcon_core.verb:set package 'micro_ros_msgs' build argument 'ament_cmake_args' from command line to 'None'
[0.295s] Level 5:colcon.colcon_core.verb:set package 'micro_ros_msgs' build argument 'catkin_cmake_args' from command line to 'None'
[0.295s] Level 5:colcon.colcon_core.verb:set package 'micro_ros_msgs' build argument 'catkin_skip_building_tests' from command line to 'False'
[0.295s] DEBUG:colcon.colcon_core.verb:Building package 'micro_ros_msgs' with the following arguments: {'ament_cmake_args': None, 'build_base': '/home/kk/Desktop/fishbot_ws/build/micro_ros_msgs', 'catkin_cmake_args': None, 'catkin_skip_building_tests': False, 'cmake_args': None, 'cmake_clean_cache': False, 'cmake_clean_first': False, 'cmake_force_configure': False, 'cmake_target': None, 'cmake_target_skip_unavailable': False, 'install_base': '/home/kk/Desktop/fishbot_ws/install/micro_ros_msgs', 'merge_install': False, 'path': '/home/kk/Desktop/fishbot_ws/src/micro_ros_msgs', 'symlink_install': False, 'test_result_base': None}
[0.295s] Level 5:colcon.colcon_core.verb:set package 'micro_ros_agent' build argument 'cmake_args' from command line to 'None'
[0.295s] Level 5:colcon.colcon_core.verb:set package 'micro_ros_agent' build argument 'cmake_target' from command line to 'None'
[0.295s] Level 5:colcon.colcon_core.verb:set package 'micro_ros_agent' build argument 'cmake_target_skip_unavailable' from command line to 'False'
[0.295s] Level 5:colcon.colcon_core.verb:set package 'micro_ros_agent' build argument 'cmake_clean_cache' from command line to 'False'
[0.295s] Level 5:colcon.colcon_core.verb:set package 'micro_ros_agent' build argument 'cmake_clean_first' from command line to 'False'
[0.295s] Level 5:colcon.colcon_core.verb:set package 'micro_ros_agent' build argument 'cmake_force_configure' from command line to 'False'
[0.295s] Level 5:colcon.colcon_core.verb:set package 'micro_ros_agent' build argument 'ament_cmake_args' from command line to 'None'
[0.295s] Level 5:colcon.colcon_core.verb:set package 'micro_ros_agent' build argument 'catkin_cmake_args' from command line to 'None'
[0.295s] Level 5:colcon.colcon_core.verb:set package 'micro_ros_agent' build argument 'catkin_skip_building_tests' from command line to 'False'
[0.295s] DEBUG:colcon.colcon_core.verb:Building package 'micro_ros_agent' with the following arguments: {'ament_cmake_args': None, 'build_base': '/home/kk/Desktop/fishbot_ws/build/micro_ros_agent', 'catkin_cmake_args': None, 'catkin_skip_building_tests': False, 'cmake_args': None, 'cmake_clean_cache': False, 'cmake_clean_first': False, 'cmake_force_configure': False, 'cmake_target': None, 'cmake_target_skip_unavailable': False, 'install_base': '/home/kk/Desktop/fishbot_ws/install/micro_ros_agent', 'merge_install': False, 'path': '/home/kk/Desktop/fishbot_ws/src/micro-ROS-Agent/micro_ros_agent', 'symlink_install': False, 'test_result_base': None}
[0.295s] INFO:colcon.colcon_core.executor:Executing jobs using 'parallel' executor
[0.296s] DEBUG:colcon.colcon_parallel_executor.executor.parallel:run_until_complete
[0.296s] INFO:colcon.colcon_ros.task.ament_cmake.build:Building ROS package in '/home/kk/Desktop/fishbot_ws/src/micro_ros_msgs' with build type 'ament_cmake'
[0.296s] INFO:colcon.colcon_cmake.task.cmake.build:Building CMake package in '/home/kk/Desktop/fishbot_ws/src/micro_ros_msgs'
[0.298s] INFO:colcon.colcon_core.plugin_system:Skipping extension 'colcon_core.shell.bat': Not used on non-Windows systems
[0.298s] INFO:colcon.colcon_core.shell:Skip shell extension 'powershell' for command environment: Not usable outside of PowerShell
[0.298s] DEBUG:colcon.colcon_core.shell:Skip shell extension 'dsv' for command environment
[0.305s] DEBUG:colcon.colcon_core.event_handler.log_command:Invoking command in '/home/kk/Desktop/fishbot_ws/build/micro_ros_msgs': CMAKE_PREFIX_PATH=/opt/ros/humble /usr/bin/cmake /home/kk/Desktop/fishbot_ws/src/micro_ros_msgs -DCMAKE_INSTALL_PREFIX=/home/kk/Desktop/fishbot_ws/install/micro_ros_msgs
[1.609s] DEBUG:colcon.colcon_core.event_handler.log_command:Invoked command in '/home/kk/Desktop/fishbot_ws/build/micro_ros_msgs' returned '0': CMAKE_PREFIX_PATH=/opt/ros/humble /usr/bin/cmake /home/kk/Desktop/fishbot_ws/src/micro_ros_msgs -DCMAKE_INSTALL_PREFIX=/home/kk/Desktop/fishbot_ws/install/micro_ros_msgs
[1.611s] DEBUG:colcon.colcon_core.event_handler.log_command:Invoking command in '/home/kk/Desktop/fishbot_ws/build/micro_ros_msgs': CMAKE_PREFIX_PATH=/opt/ros/humble /usr/bin/cmake --build /home/kk/Desktop/fishbot_ws/build/micro_ros_msgs -- -j16 -l16
[3.910s] DEBUG:colcon.colcon_core.event_handler.log_command:Invoked command in '/home/kk/Desktop/fishbot_ws/build/micro_ros_msgs' returned '0': CMAKE_PREFIX_PATH=/opt/ros/humble /usr/bin/cmake --build /home/kk/Desktop/fishbot_ws/build/micro_ros_msgs -- -j16 -l16
[3.921s] DEBUG:colcon.colcon_core.event_handler.log_command:Invoking command in '/home/kk/Desktop/fishbot_ws/build/micro_ros_msgs': CMAKE_PREFIX_PATH=/opt/ros/humble /usr/bin/cmake --install /home/kk/Desktop/fishbot_ws/build/micro_ros_msgs
[3.984s] Level 1:colcon.colcon_core.environment:create_environment_scripts_only(micro_ros_msgs)
[3.984s] DEBUG:colcon.colcon_core.event_handler.log_command:Invoked command in '/home/kk/Desktop/fishbot_ws/build/micro_ros_msgs' returned '0': CMAKE_PREFIX_PATH=/opt/ros/humble /usr/bin/cmake --install /home/kk/Desktop/fishbot_ws/build/micro_ros_msgs
[3.986s] Level 1:colcon.colcon_core.environment:checking '/home/kk/Desktop/fishbot_ws/install/micro_ros_msgs' for CMake module files
[3.987s] Level 1:colcon.colcon_core.environment:checking '/home/kk/Desktop/fishbot_ws/install/micro_ros_msgs' for CMake config files
[3.987s] Level 1:colcon.colcon_core.shell:create_environment_hook('micro_ros_msgs', 'cmake_prefix_path')
[3.988s] INFO:colcon.colcon_core.shell:Creating environment hook '/home/kk/Desktop/fishbot_ws/install/micro_ros_msgs/share/micro_ros_msgs/hook/cmake_prefix_path.ps1'
[3.988s] INFO:colcon.colcon_core.shell:Creating environment descriptor '/home/kk/Desktop/fishbot_ws/install/micro_ros_msgs/share/micro_ros_msgs/hook/cmake_prefix_path.dsv'
[3.988s] INFO:colcon.colcon_core.shell:Creating environment hook '/home/kk/Desktop/fishbot_ws/install/micro_ros_msgs/share/micro_ros_msgs/hook/cmake_prefix_path.sh'
[3.989s] Level 1:colcon.colcon_core.environment:checking '/home/kk/Desktop/fishbot_ws/install/micro_ros_msgs/lib'
[3.989s] Level 1:colcon.colcon_core.shell:create_environment_hook('micro_ros_msgs', 'ld_library_path_lib')
[3.989s] INFO:colcon.colcon_core.shell:Creating environment hook '/home/kk/Desktop/fishbot_ws/install/micro_ros_msgs/share/micro_ros_msgs/hook/ld_library_path_lib.ps1'
[3.990s] INFO:colcon.colcon_core.shell:Creating environment descriptor '/home/kk/Desktop/fishbot_ws/install/micro_ros_msgs/share/micro_ros_msgs/hook/ld_library_path_lib.dsv'
[3.990s] INFO:colcon.colcon_core.shell:Creating environment hook '/home/kk/Desktop/fishbot_ws/install/micro_ros_msgs/share/micro_ros_msgs/hook/ld_library_path_lib.sh'
[3.990s] Level 1:colcon.colcon_core.environment:checking '/home/kk/Desktop/fishbot_ws/install/micro_ros_msgs/bin'
[3.990s] Level 1:colcon.colcon_core.environment:checking '/home/kk/Desktop/fishbot_ws/install/micro_ros_msgs/lib/pkgconfig/micro_ros_msgs.pc'
[3.990s] Level 1:colcon.colcon_core.environment:checking '/home/kk/Desktop/fishbot_ws/install/micro_ros_msgs/lib/python3.10/site-packages'
[3.990s] Level 1:colcon.colcon_core.environment:checking '/home/kk/Desktop/fishbot_ws/install/micro_ros_msgs/bin'
[3.991s] INFO:colcon.colcon_core.shell:Creating package script '/home/kk/Desktop/fishbot_ws/install/micro_ros_msgs/share/micro_ros_msgs/package.ps1'
[3.992s] INFO:colcon.colcon_core.shell:Creating package descriptor '/home/kk/Desktop/fishbot_ws/install/micro_ros_msgs/share/micro_ros_msgs/package.dsv'
[3.992s] INFO:colcon.colcon_core.shell:Creating package script '/home/kk/Desktop/fishbot_ws/install/micro_ros_msgs/share/micro_ros_msgs/package.sh'
[3.993s] INFO:colcon.colcon_core.shell:Creating package script '/home/kk/Desktop/fishbot_ws/install/micro_ros_msgs/share/micro_ros_msgs/package.bash'
[3.994s] INFO:colcon.colcon_core.shell:Creating package script '/home/kk/Desktop/fishbot_ws/install/micro_ros_msgs/share/micro_ros_msgs/package.zsh'
[3.994s] Level 1:colcon.colcon_core.environment:create_file_with_runtime_dependencies(/home/kk/Desktop/fishbot_ws/install/micro_ros_msgs/share/colcon-core/packages/micro_ros_msgs)
[3.995s] Level 1:colcon.colcon_core.environment:create_environment_scripts_only(micro_ros_msgs)
[3.995s] Level 1:colcon.colcon_core.environment:checking '/home/kk/Desktop/fishbot_ws/install/micro_ros_msgs' for CMake module files
[3.996s] Level 1:colcon.colcon_core.environment:checking '/home/kk/Desktop/fishbot_ws/install/micro_ros_msgs' for CMake config files
[3.996s] Level 1:colcon.colcon_core.shell:create_environment_hook('micro_ros_msgs', 'cmake_prefix_path')
[3.996s] INFO:colcon.colcon_core.shell:Creating environment hook '/home/kk/Desktop/fishbot_ws/install/micro_ros_msgs/share/micro_ros_msgs/hook/cmake_prefix_path.ps1'
[3.996s] INFO:colcon.colcon_core.shell:Creating environment descriptor '/home/kk/Desktop/fishbot_ws/install/micro_ros_msgs/share/micro_ros_msgs/hook/cmake_prefix_path.dsv'
[3.997s] INFO:colcon.colcon_core.shell:Creating environment hook '/home/kk/Desktop/fishbot_ws/install/micro_ros_msgs/share/micro_ros_msgs/hook/cmake_prefix_path.sh'
[3.997s] Level 1:colcon.colcon_core.environment:checking '/home/kk/Desktop/fishbot_ws/install/micro_ros_msgs/lib'
[3.997s] Level 1:colcon.colcon_core.shell:create_environment_hook('micro_ros_msgs', 'ld_library_path_lib')
[3.997s] INFO:colcon.colcon_core.shell:Creating environment hook '/home/kk/Desktop/fishbot_ws/install/micro_ros_msgs/share/micro_ros_msgs/hook/ld_library_path_lib.ps1'
[3.997s] INFO:colcon.colcon_core.shell:Creating environment descriptor '/home/kk/Desktop/fishbot_ws/install/micro_ros_msgs/share/micro_ros_msgs/hook/ld_library_path_lib.dsv'
[3.998s] INFO:colcon.colcon_core.shell:Creating environment hook '/home/kk/Desktop/fishbot_ws/install/micro_ros_msgs/share/micro_ros_msgs/hook/ld_library_path_lib.sh'
[3.998s] Level 1:colcon.colcon_core.environment:checking '/home/kk/Desktop/fishbot_ws/install/micro_ros_msgs/bin'
[3.998s] Level 1:colcon.colcon_core.environment:checking '/home/kk/Desktop/fishbot_ws/install/micro_ros_msgs/lib/pkgconfig/micro_ros_msgs.pc'
[3.998s] Level 1:colcon.colcon_core.environment:checking '/home/kk/Desktop/fishbot_ws/install/micro_ros_msgs/lib/python3.10/site-packages'
[3.998s] Level 1:colcon.colcon_core.environment:checking '/home/kk/Desktop/fishbot_ws/install/micro_ros_msgs/bin'
[3.999s] INFO:colcon.colcon_core.shell:Creating package script '/home/kk/Desktop/fishbot_ws/install/micro_ros_msgs/share/micro_ros_msgs/package.ps1'
[3.999s] INFO:colcon.colcon_core.shell:Creating package descriptor '/home/kk/Desktop/fishbot_ws/install/micro_ros_msgs/share/micro_ros_msgs/package.dsv'
[3.999s] INFO:colcon.colcon_core.shell:Creating package script '/home/kk/Desktop/fishbot_ws/install/micro_ros_msgs/share/micro_ros_msgs/package.sh'
[4.000s] INFO:colcon.colcon_core.shell:Creating package script '/home/kk/Desktop/fishbot_ws/install/micro_ros_msgs/share/micro_ros_msgs/package.bash'
[4.000s] INFO:colcon.colcon_core.shell:Creating package script '/home/kk/Desktop/fishbot_ws/install/micro_ros_msgs/share/micro_ros_msgs/package.zsh'
[4.000s] Level 1:colcon.colcon_core.environment:create_file_with_runtime_dependencies(/home/kk/Desktop/fishbot_ws/install/micro_ros_msgs/share/colcon-core/packages/micro_ros_msgs)
[4.001s] INFO:colcon.colcon_ros.task.ament_cmake.build:Building ROS package in '/home/kk/Desktop/fishbot_ws/src/micro-ROS-Agent/micro_ros_agent' with build type 'ament_cmake'
[4.001s] INFO:colcon.colcon_cmake.task.cmake.build:Building CMake package in '/home/kk/Desktop/fishbot_ws/src/micro-ROS-Agent/micro_ros_agent'
[4.001s] INFO:colcon.colcon_core.shell:Skip shell extension 'powershell' for command environment: Not usable outside of PowerShell
[4.001s] DEBUG:colcon.colcon_core.shell:Skip shell extension 'dsv' for command environment
[4.010s] DEBUG:colcon.colcon_core.event_handler.log_command:Invoking command in '/home/kk/Desktop/fishbot_ws/build/micro_ros_agent': AMENT_PREFIX_PATH=/home/kk/Desktop/fishbot_ws/install/micro_ros_msgs:${AMENT_PREFIX_PATH} CMAKE_PREFIX_PATH=/home/kk/Desktop/fishbot_ws/install/micro_ros_msgs:/opt/ros/humble LD_LIBRARY_PATH=/home/kk/Desktop/fishbot_ws/install/micro_ros_msgs/lib:${LD_LIBRARY_PATH} PYTHONPATH=/home/kk/Desktop/fishbot_ws/install/micro_ros_msgs/local/lib/python3.10/dist-packages:${PYTHONPATH} /usr/bin/cmake /home/kk/Desktop/fishbot_ws/src/micro-ROS-Agent/micro_ros_agent -DCMAKE_INSTALL_PREFIX=/home/kk/Desktop/fishbot_ws/install/micro_ros_agent
[4.299s] DEBUG:colcon.colcon_core.event_handler.log_command:Invoked command in '/home/kk/Desktop/fishbot_ws/build/micro_ros_agent' returned '0': AMENT_PREFIX_PATH=/home/kk/Desktop/fishbot_ws/install/micro_ros_msgs:${AMENT_PREFIX_PATH} CMAKE_PREFIX_PATH=/home/kk/Desktop/fishbot_ws/install/micro_ros_msgs:/opt/ros/humble LD_LIBRARY_PATH=/home/kk/Desktop/fishbot_ws/install/micro_ros_msgs/lib:${LD_LIBRARY_PATH} PYTHONPATH=/home/kk/Desktop/fishbot_ws/install/micro_ros_msgs/local/lib/python3.10/dist-packages:${PYTHONPATH} /usr/bin/cmake /home/kk/Desktop/fishbot_ws/src/micro-ROS-Agent/micro_ros_agent -DCMAKE_INSTALL_PREFIX=/home/kk/Desktop/fishbot_ws/install/micro_ros_agent
[4.300s] DEBUG:colcon.colcon_core.event_handler.log_command:Invoking command in '/home/kk/Desktop/fishbot_ws/build/micro_ros_agent': AMENT_PREFIX_PATH=/home/kk/Desktop/fishbot_ws/install/micro_ros_msgs:${AMENT_PREFIX_PATH} CMAKE_PREFIX_PATH=/home/kk/Desktop/fishbot_ws/install/micro_ros_msgs:/opt/ros/humble LD_LIBRARY_PATH=/home/kk/Desktop/fishbot_ws/install/micro_ros_msgs/lib:${LD_LIBRARY_PATH} PYTHONPATH=/home/kk/Desktop/fishbot_ws/install/micro_ros_msgs/local/lib/python3.10/dist-packages:${PYTHONPATH} /usr/bin/cmake --build /home/kk/Desktop/fishbot_ws/build/micro_ros_agent -- -j16 -l16
[29.053s] DEBUG:colcon.colcon_core.event_handler.log_command:Invoked command in '/home/kk/Desktop/fishbot_ws/build/micro_ros_agent' returned '0': AMENT_PREFIX_PATH=/home/kk/Desktop/fishbot_ws/install/micro_ros_msgs:${AMENT_PREFIX_PATH} CMAKE_PREFIX_PATH=/home/kk/Desktop/fishbot_ws/install/micro_ros_msgs:/opt/ros/humble LD_LIBRARY_PATH=/home/kk/Desktop/fishbot_ws/install/micro_ros_msgs/lib:${LD_LIBRARY_PATH} PYTHONPATH=/home/kk/Desktop/fishbot_ws/install/micro_ros_msgs/local/lib/python3.10/dist-packages:${PYTHONPATH} /usr/bin/cmake --build /home/kk/Desktop/fishbot_ws/build/micro_ros_agent -- -j16 -l16
[29.054s] DEBUG:colcon.colcon_core.event_handler.log_command:Invoking command in '/home/kk/Desktop/fishbot_ws/build/micro_ros_agent': AMENT_PREFIX_PATH=/home/kk/Desktop/fishbot_ws/install/micro_ros_msgs:${AMENT_PREFIX_PATH} CMAKE_PREFIX_PATH=/home/kk/Desktop/fishbot_ws/install/micro_ros_msgs:/opt/ros/humble LD_LIBRARY_PATH=/home/kk/Desktop/fishbot_ws/install/micro_ros_msgs/lib:${LD_LIBRARY_PATH} PYTHONPATH=/home/kk/Desktop/fishbot_ws/install/micro_ros_msgs/local/lib/python3.10/dist-packages:${PYTHONPATH} /usr/bin/cmake --install /home/kk/Desktop/fishbot_ws/build/micro_ros_agent
[29.068s] Level 1:colcon.colcon_core.environment:create_environment_scripts_only(micro_ros_agent)
[29.068s] Level 1:colcon.colcon_core.environment:checking '/home/kk/Desktop/fishbot_ws/install/micro_ros_agent' for CMake module files
[29.069s] DEBUG:colcon.colcon_core.event_handler.log_command:Invoked command in '/home/kk/Desktop/fishbot_ws/build/micro_ros_agent' returned '0': AMENT_PREFIX_PATH=/home/kk/Desktop/fishbot_ws/install/micro_ros_msgs:${AMENT_PREFIX_PATH} CMAKE_PREFIX_PATH=/home/kk/Desktop/fishbot_ws/install/micro_ros_msgs:/opt/ros/humble LD_LIBRARY_PATH=/home/kk/Desktop/fishbot_ws/install/micro_ros_msgs/lib:${LD_LIBRARY_PATH} PYTHONPATH=/home/kk/Desktop/fishbot_ws/install/micro_ros_msgs/local/lib/python3.10/dist-packages:${PYTHONPATH} /usr/bin/cmake --install /home/kk/Desktop/fishbot_ws/build/micro_ros_agent
[29.069s] Level 1:colcon.colcon_core.environment:checking '/home/kk/Desktop/fishbot_ws/install/micro_ros_agent' for CMake config files
[29.070s] Level 1:colcon.colcon_core.shell:create_environment_hook('micro_ros_agent', 'cmake_prefix_path')
[29.070s] INFO:colcon.colcon_core.shell:Creating environment hook '/home/kk/Desktop/fishbot_ws/install/micro_ros_agent/share/micro_ros_agent/hook/cmake_prefix_path.ps1'
[29.070s] INFO:colcon.colcon_core.shell:Creating environment descriptor '/home/kk/Desktop/fishbot_ws/install/micro_ros_agent/share/micro_ros_agent/hook/cmake_prefix_path.dsv'
[29.071s] INFO:colcon.colcon_core.shell:Creating environment hook '/home/kk/Desktop/fishbot_ws/install/micro_ros_agent/share/micro_ros_agent/hook/cmake_prefix_path.sh'
[29.071s] Level 1:colcon.colcon_core.environment:checking '/home/kk/Desktop/fishbot_ws/install/micro_ros_agent/lib'
[29.071s] Level 1:colcon.colcon_core.shell:create_environment_hook('micro_ros_agent', 'ld_library_path_lib')
[29.071s] INFO:colcon.colcon_core.shell:Creating environment hook '/home/kk/Desktop/fishbot_ws/install/micro_ros_agent/share/micro_ros_agent/hook/ld_library_path_lib.ps1'
[29.072s] INFO:colcon.colcon_core.shell:Creating environment descriptor '/home/kk/Desktop/fishbot_ws/install/micro_ros_agent/share/micro_ros_agent/hook/ld_library_path_lib.dsv'
[29.072s] INFO:colcon.colcon_core.shell:Creating environment hook '/home/kk/Desktop/fishbot_ws/install/micro_ros_agent/share/micro_ros_agent/hook/ld_library_path_lib.sh'
[29.072s] Level 1:colcon.colcon_core.environment:checking '/home/kk/Desktop/fishbot_ws/install/micro_ros_agent/bin'
[29.072s] Level 1:colcon.colcon_core.environment:checking '/home/kk/Desktop/fishbot_ws/install/micro_ros_agent/lib/pkgconfig/micro_ros_agent.pc'
[29.072s] Level 1:colcon.colcon_core.environment:checking '/home/kk/Desktop/fishbot_ws/install/micro_ros_agent/lib/python3.10/site-packages'
[29.073s] Level 1:colcon.colcon_core.environment:checking '/home/kk/Desktop/fishbot_ws/install/micro_ros_agent/bin'
[29.073s] INFO:colcon.colcon_core.shell:Creating package script '/home/kk/Desktop/fishbot_ws/install/micro_ros_agent/share/micro_ros_agent/package.ps1'
[29.073s] INFO:colcon.colcon_core.shell:Creating package descriptor '/home/kk/Desktop/fishbot_ws/install/micro_ros_agent/share/micro_ros_agent/package.dsv'
[29.073s] INFO:colcon.colcon_core.shell:Creating package script '/home/kk/Desktop/fishbot_ws/install/micro_ros_agent/share/micro_ros_agent/package.sh'
[29.074s] INFO:colcon.colcon_core.shell:Creating package script '/home/kk/Desktop/fishbot_ws/install/micro_ros_agent/share/micro_ros_agent/package.bash'
[29.074s] INFO:colcon.colcon_core.shell:Creating package script '/home/kk/Desktop/fishbot_ws/install/micro_ros_agent/share/micro_ros_agent/package.zsh'
[29.074s] Level 1:colcon.colcon_core.environment:create_file_with_runtime_dependencies(/home/kk/Desktop/fishbot_ws/install/micro_ros_agent/share/colcon-core/packages/micro_ros_agent)
[29.075s] Level 1:colcon.colcon_core.environment:create_environment_scripts_only(micro_ros_agent)
[29.075s] Level 1:colcon.colcon_core.environment:checking '/home/kk/Desktop/fishbot_ws/install/micro_ros_agent' for CMake module files
[29.075s] Level 1:colcon.colcon_core.environment:checking '/home/kk/Desktop/fishbot_ws/install/micro_ros_agent' for CMake config files
[29.076s] Level 1:colcon.colcon_core.shell:create_environment_hook('micro_ros_agent', 'cmake_prefix_path')
[29.076s] INFO:colcon.colcon_core.shell:Creating environment hook '/home/kk/Desktop/fishbot_ws/install/micro_ros_agent/share/micro_ros_agent/hook/cmake_prefix_path.ps1'
[29.076s] INFO:colcon.colcon_core.shell:Creating environment descriptor '/home/kk/Desktop/fishbot_ws/install/micro_ros_agent/share/micro_ros_agent/hook/cmake_prefix_path.dsv'
[29.077s] INFO:colcon.colcon_core.shell:Creating environment hook '/home/kk/Desktop/fishbot_ws/install/micro_ros_agent/share/micro_ros_agent/hook/cmake_prefix_path.sh'
[29.077s] Level 1:colcon.colcon_core.environment:checking '/home/kk/Desktop/fishbot_ws/install/micro_ros_agent/lib'
[29.077s] Level 1:colcon.colcon_core.shell:create_environment_hook('micro_ros_agent', 'ld_library_path_lib')
[29.077s] INFO:colcon.colcon_core.shell:Creating environment hook '/home/kk/Desktop/fishbot_ws/install/micro_ros_agent/share/micro_ros_agent/hook/ld_library_path_lib.ps1'
[29.077s] INFO:colcon.colcon_core.shell:Creating environment descriptor '/home/kk/Desktop/fishbot_ws/install/micro_ros_agent/share/micro_ros_agent/hook/ld_library_path_lib.dsv'
[29.078s] INFO:colcon.colcon_core.shell:Creating environment hook '/home/kk/Desktop/fishbot_ws/install/micro_ros_agent/share/micro_ros_agent/hook/ld_library_path_lib.sh'
[29.078s] Level 1:colcon.colcon_core.environment:checking '/home/kk/Desktop/fishbot_ws/install/micro_ros_agent/bin'
[29.078s] Level 1:colcon.colcon_core.environment:checking '/home/kk/Desktop/fishbot_ws/install/micro_ros_agent/lib/pkgconfig/micro_ros_agent.pc'
[29.078s] Level 1:colcon.colcon_core.environment:checking '/home/kk/Desktop/fishbot_ws/install/micro_ros_agent/lib/python3.10/site-packages'
[29.078s] Level 1:colcon.colcon_core.environment:checking '/home/kk/Desktop/fishbot_ws/install/micro_ros_agent/bin'
[29.079s] INFO:colcon.colcon_core.shell:Creating package script '/home/kk/Desktop/fishbot_ws/install/micro_ros_agent/share/micro_ros_agent/package.ps1'
[29.079s] INFO:colcon.colcon_core.shell:Creating package descriptor '/home/kk/Desktop/fishbot_ws/install/micro_ros_agent/share/micro_ros_agent/package.dsv'
[29.079s] INFO:colcon.colcon_core.shell:Creating package script '/home/kk/Desktop/fishbot_ws/install/micro_ros_agent/share/micro_ros_agent/package.sh'
[29.080s] INFO:colcon.colcon_core.shell:Creating package script '/home/kk/Desktop/fishbot_ws/install/micro_ros_agent/share/micro_ros_agent/package.bash'
[29.080s] INFO:colcon.colcon_core.shell:Creating package script '/home/kk/Desktop/fishbot_ws/install/micro_ros_agent/share/micro_ros_agent/package.zsh'
[29.080s] Level 1:colcon.colcon_core.environment:create_file_with_runtime_dependencies(/home/kk/Desktop/fishbot_ws/install/micro_ros_agent/share/colcon-core/packages/micro_ros_agent)
[29.081s] DEBUG:colcon.colcon_parallel_executor.executor.parallel:closing loop
[29.081s] DEBUG:colcon.colcon_parallel_executor.executor.parallel:loop closed
[29.081s] DEBUG:colcon.colcon_parallel_executor.executor.parallel:run_until_complete finished with '0'
[29.081s] DEBUG:colcon.colcon_core.event_reactor:joining thread
[29.085s] INFO:colcon.colcon_core.plugin_system:Skipping extension 'colcon_notification.desktop_notification.terminal_notifier': Not used on non-Darwin systems
[29.085s] INFO:colcon.colcon_core.plugin_system:Skipping extension 'colcon_notification.desktop_notification.win32': Not used on non-Windows systems
[29.085s] INFO:colcon.colcon_notification.desktop_notification:Sending desktop notification using 'notify2'
[29.101s] DEBUG:colcon.colcon_core.event_reactor:joined thread
[29.102s] INFO:colcon.colcon_core.shell:Creating prefix script '/home/kk/Desktop/fishbot_ws/install/local_setup.ps1'
[29.103s] INFO:colcon.colcon_core.shell:Creating prefix util module '/home/kk/Desktop/fishbot_ws/install/_local_setup_util_ps1.py'
[29.104s] INFO:colcon.colcon_core.shell:Creating prefix chain script '/home/kk/Desktop/fishbot_ws/install/setup.ps1'
[29.105s] INFO:colcon.colcon_core.shell:Creating prefix script '/home/kk/Desktop/fishbot_ws/install/local_setup.sh'
[29.105s] INFO:colcon.colcon_core.shell:Creating prefix util module '/home/kk/Desktop/fishbot_ws/install/_local_setup_util_sh.py'
[29.105s] INFO:colcon.colcon_core.shell:Creating prefix chain script '/home/kk/Desktop/fishbot_ws/install/setup.sh'
[29.106s] INFO:colcon.colcon_core.shell:Creating prefix script '/home/kk/Desktop/fishbot_ws/install/local_setup.bash'
[29.107s] INFO:colcon.colcon_core.shell:Creating prefix chain script '/home/kk/Desktop/fishbot_ws/install/setup.bash'
[29.108s] INFO:colcon.colcon_core.shell:Creating prefix script '/home/kk/Desktop/fishbot_ws/install/local_setup.zsh'
[29.108s] INFO:colcon.colcon_core.shell:Creating prefix chain script '/home/kk/Desktop/fishbot_ws/install/setup.zsh'
